172.16.55.42 - - [28/Oct/2025:13:34:47 +0000] "GET /hub/oauth_login?next=%2Fhub%2F HTTP/2.0" 302 0 "https://172.16.55.150/hub/login?next=%2Fhub%2F" "Blackbox Exporter/0.27.0" 107 0.002 [jupyterhub-proxy-public-http] [] 192.168.33.109:8000 0 0.001 302 bfc60290513fec9e3fe0782a3d3dad5b
172.16.55.42 - - [28/Oct/2025:13:34:47 +0000] "GET /realms/ki-awz/protocol/openid-connect/auth?response_type=code&redirect_uri=https%3A%2F%2Fjupyterhub.test.sa.uebung.de%2Fhub%2Foauth_callback&client_id=jupyterhub&code_challenge=LIqvswy030QmZog3RyMB-5BOMCtzvdMKaZv505Mk6S4&code_challenge_method=S256&state=eyJzdGF0ZV9pZCI6ICJmMTM0MWE3ZDI2ZmE0ZGQyYTc5OTJlMGFkZDc5OGM0NSJ9&scope=openid+profile+roles+groups HTTP/2.0" 200 7062 "https://172.16.55.150/hub/oauth_login?next=%2Fhub%2F" "Blackbox Exporter/0.27.0" 357 0.002 [keycloak-keycloak-service-https] [] 192.168.41.186:8443 7062 0.003 200 76a54dbe6b2ab4daee8d793163b18337
172.16.55.42 - - [28/Oct/2025:13:34:48 +0000] "GET /v2/ HTTP/2.0" 401 76 "-" "Go-http-client/2.0" 52 0.008 [harbor-harbor-core-80] [] 192.168.33.103:8080 76 0.009 401 f1764c2d1c256c89611c37fc4268095f
172.16.55.42 - - [28/Oct/2025:13:34:48 +0000] "GET /service/token?scope=repository%3Aai-1%2Flisa%3Apull&service=harbor-registry HTTP/2.0" 200 671 "-" "go-containerregistry/v0.20.5" 82 0.007 [harbor-harbor-core-80] [] 192.168.33.103:8080 671 0.006 200 02cf23a10f9251cb4d09ef540b915361
172.16.55.42 - - [28/Oct/2025:13:34:48 +0000] "GET /v2/ai-1/lisa/tags/list?n=1000 HTTP/2.0" 200 295 "-" "go-containerregistry/v0.20.5" 627 0.006 [harbor-harbor-core-80] [] 192.168.33.103:8080 295 0.006 200 81995e0eaa233363d61e3bf799a8d3c7
172.16.55.42 - - [28/Oct/2025:13:34:52 +0000] "GET / HTTP/2.0" 200 7519 "-" "Blackbox Exporter/0.27.0" 44 0.002 [ai-1-lisa-open-webui-8080] [] 192.168.33.127:8080 7519 0.002 200 c0ef72f8c588598b1b02bb175918a70a
192.168.43.192 - - [28/Oct/2025:13:34:52 +0000] "GET /api/live/ws HTTP/1.1" 401 105 "-" "Mozilla/5.0 (Macintosh; Intel Mac OS X 10_15_7) AppleWebKit/537.36 (KHTML, like Gecko) Chrome/141.0.0.0 Safari/537.36" 748 0.001 [grafana-grafana-80] [] 192.168.33.75:3000 105 0.001 401 d24b6ffe2bbb109eb8f3122859351db3
172.16.55.42 - - [28/Oct/2025:13:34:57 +0000] "GET / HTTP/2.0" 302 0 "-" "Blackbox Exporter/0.27.0" 48 0.003 [jupyterhub-proxy-public-http] [] 192.168.33.109:8000 0 0.004 302 8e2b536afbf6897faaa9201a89cb1b1f
172.16.55.42 - - [28/Oct/2025:13:34:57 +0000] "GET /hub/ HTTP/2.0" 302 0 "https://172.16.55.150" "Blackbox Exporter/0.27.0" 70 0.001 [jupyterhub-proxy-public-http] [] 192.168.33.109:8000 0 0.001 302 e341edb8f75a37f1bec478bb41bdc3e9
172.16.55.42 - - [28/Oct/2025:13:34:57 +0000] "GET /hub/login?next=%2Fhub%2F HTTP/2.0" 302 0 "https://172.16.55.150/hub/" "Blackbox Exporter/0.27.0" 88 0.002 [jupyterhub-proxy-public-http] [] 192.168.33.109:8000 0 0.001 302 477ee17bd06014ee1d8bb3e6a4387ceb
172.16.55.42 - - [28/Oct/2025:13:34:57 +0000] "GET /hub/oauth_login?next=%2Fhub%2F HTTP/2.0" 302 0 "https://172.16.55.150/hub/login?next=%2Fhub%2F" "Blackbox Exporter/0.27.0" 107 0.002 [jupyterhub-proxy-public-http] [] 192.168.33.109:8000 0 0.002 302 f14e5e1bff644f7835e3fd4e2448a9b1
172.16.55.42 - - [28/Oct/2025:13:34:57 +0000] "GET /realms/ki-awz/protocol/openid-connect/auth?response_type=code&redirect_uri=https%3A%2F%2Fjupyterhub.test.sa.uebung.de%2Fhub%2Foauth_callback&client_id=jupyterhub&code_challenge=39Kx5wtfmv3ar-rzclUi7M7Xn3PHiSQ-pdqCex3p3Ek&code_challenge_method=S256&state=eyJzdGF0ZV9pZCI6ICI5YzAyMmI5NDZmYjE0MGQxOWMxNjg5MWI1ODVhMTFkYSJ9&scope=openid+profile+roles+groups HTTP/2.0" 200 7062 "https://172.16.55.150/hub/oauth_login?next=%2Fhub%2F" "Blackbox Exporter/0.27.0" 356 0.005 [keycloak-keycloak-service-https] [] 192.168.41.186:8443 7062 0.005 200 a08bb1ae198f83e7d92e77030196c5ee
172.16.55.42 - - [28/Oct/2025:13:35:02 +0000] "GET / HTTP/2.0" 200 7519 "-" "Blackbox Exporter/0.27.0" 44 0.002 [ai-1-lisa-open-webui-8080] [] 192.168.33.127:8080 7519 0.002 200 658fe5ce1c5364be7d55aa46b539dcb5
192.168.43.192 - - [28/Oct/2025:13:35:05 +0000] "GET /api/live/ws HTTP/1.1" 401 105 "-" "Mozilla/5.0 (Macintosh; Intel Mac OS X 10_15_7) AppleWebKit/537.36 (KHTML, like Gecko) Chrome/141.0.0.0 Safari/537.36" 748 0.001 [grafana-grafana-80] [] 192.168.33.75:3000 105 0.001 401 fe30c0be585b11b8f053a001228b930c
172.16.55.42 - - [28/Oct/2025:13:35:07 +0000] "GET / HTTP/2.0" 302 0 "-" "Blackbox Exporter/0.27.0" 48 0.004 [jupyterhub-proxy-public-http] [] 192.168.33.109:8000 0 0.003 302 afd096a86728f69742f21dcf8a53b6b1
172.16.55.42 - - [28/Oct/2025:13:35:07 +0000] "GET /hub/ HTTP/2.0" 302 0 "https://172.16.55.150" "Blackbox Exporter/0.27.0" 70 0.002 [jupyterhub-proxy-public-http] [] 192.168.33.109:8000 0 0.001 302 7951a32ed570760a0bf292d9bc040184
172.16.55.42 - - [28/Oct/2025:13:35:07 +0000] "GET /hub/login?next=%2Fhub%2F HTTP/2.0" 302 0 "https://172.16.55.150/hub/" "Blackbox Exporter/0.27.0" 88 0.001 [jupyterhub-proxy-public-http] [] 192.168.33.109:8000 0 0.002 302 62baecce9e18815fcf9ae321ddf6cf18
172.16.55.42 - - [28/Oct/2025:13:35:07 +0000] "GET /hub/oauth_login?next=%2Fhub%2F HTTP/2.0" 302 0 "https://172.16.55.150/hub/login?next=%2Fhub%2F" "Blackbox Exporter/0.27.0" 107 0.002 [jupyterhub-proxy-public-http] [] 192.168.33.109:8000 0 0.002 302 9e6564ad1ead442bad57a57718cbf256
172.16.55.42 - - [28/Oct/2025:13:35:07 +0000] "GET /realms/ki-awz/protocol/openid-connect/auth?response_type=code&redirect_uri=https%3A%2F%2Fjupyterhub.test.sa.uebung.de%2Fhub%2Foauth_callback&client_id=jupyterhub&code_challenge=C2DG9Cu8YiqlZpm0LTwGBqJT2yQnpOoRnflkc-AXIFE&code_challenge_method=S256&state=eyJzdGF0ZV9pZCI6ICIyNzY0N2Y2MWQwODE0MjA2YTA3NGI5YWE0MGY1YTZhOCJ9&scope=openid+profile+roles+groups HTTP/2.0" 200 7062 "https://172.16.55.150/hub/oauth_login?next=%2Fhub%2F" "Blackbox Exporter/0.27.0" 356 0.004 [keycloak-keycloak-service-https] [] 192.168.41.186:8443 7062 0.005 200 d5c027788b273c4674e8ef1e013986fd
172.16.55.42 - - [28/Oct/2025:13:35:12 +0000] "GET / HTTP/2.0" 200 7519 "-" "Blackbox Exporter/0.27.0" 44 0.002 [ai-1-lisa-open-webui-8080] [] 192.168.33.127:8080 7519 0.002 200 e1f667e08a73b337ed07169d9a66f015
192.168.43.192 - - [28/Oct/2025:13:35:15 +0000] "GET /api/live/ws HTTP/1.1" 401 105 "-" "Mozilla/5.0 (Macintosh; Intel Mac OS X 10_15_7) AppleWebKit/537.36 (KHTML, like Gecko) Chrome/141.0.0.0 Safari/537.36" 748 0.001 [grafana-grafana-80] [] 192.168.33.75:3000 105 0.001 401 19ab0021c8d9b43466004e9b856adcf7
172.16.55.42 - - [28/Oct/2025:13:35:17 +0000] "GET / HTTP/2.0" 302 0 "-" "Blackbox Exporter/0.27.0" 48 0.002 [jupyterhub-proxy-public-http] [] 192.168.33.109:8000 0 0.002 302 d6fbe33ffde9270d1c3ffdcd47e6074e
172.16.55.42 - - [28/Oct/2025:13:35:17 +0000] "GET /hub/ HTTP/2.0" 302 0 "https://172.16.55.150" "Blackbox Exporter/0.27.0" 70 0.001 [jupyterhub-proxy-public-http] [] 192.168.33.109:8000 0 0.001 302 68643598601f83a732a9dd4c97a7a698
172.16.55.42 - - [28/Oct/2025:13:35:17 +0000] "GET /hub/login?next=%2Fhub%2F HTTP/2.0" 302 0 "https://172.16.55.150/hub/" "Blackbox Exporter/0.27.0" 88 0.001 [jupyterhub-proxy-public-http] [] 192.168.33.109:8000 0 0.001 302 4865ae9837e6795a5bd0ffccc1decf00
172.16.55.42 - - [28/Oct/2025:13:35:17 +0000] "GET /hub/oauth_login?next=%2Fhub%2F HTTP/2.0" 302 0 "https://172.16.55.150/hub/login?next=%2Fhub%2F" "Blackbox Exporter/0.27.0" 107 0.001 [jupyterhub-proxy-public-http] [] 192.168.33.109:8000 0 0.002 302 7a6e2d6e9b92c47b519d73e721e085c7
172.16.55.42 - - [28/Oct/2025:13:35:17 +0000] "GET /realms/ki-awz/protocol/openid-connect/auth?response_type=code&redirect_uri=https%3A%2F%2Fjupyterhub.test.sa.uebung.de%2Fhub%2Foauth_callback&client_id=jupyterhub&code_challenge=7VyqhZfgt8-lMPtnJTy1T1q8bh-Xe0Zg223ApcjQScM&code_challenge_method=S256&state=eyJzdGF0ZV9pZCI6ICIxNDBiM2U3NGNjZWM0Mjg2YjNiYTFjZjI3MDFlZjVkZiJ9&scope=openid+profile+roles+groups HTTP/2.0" 200 7062 "https://172.16.55.150/hub/oauth_login?next=%2Fhub%2F" "Blackbox Exporter/0.27.0" 356 0.004 [keycloak-keycloak-service-https] [] 192.168.41.186:8443 7062 0.004 200 c68dd1ddaf4afc5d2b77205a4635d5bb
172.16.55.42 - - [28/Oct/2025:13:35:22 +0000] "GET / HTTP/2.0" 200 7519 "-" "Blackbox Exporter/0.27.0" 44 0.002 [ai-1-lisa-open-webui-8080] [] 192.168.33.127:8080 7519 0.002 200 536bd2351c09faee9b346bd28eee5a09
192.168.43.192 - - [28/Oct/2025:13:35:24 +0000] "GET /api/live/ws HTTP/1.1" 401 105 "-" "Mozilla/5.0 (Macintosh; Intel Mac OS X 10_15_7) AppleWebKit/537.36 (KHTML, like Gecko) Chrome/141.0.0.0 Safari/537.36" 748 0.001 [grafana-grafana-80] [] 192.168.33.75:3000 105 0.000 401 a27b51aad7f9e23c55bddd15e464a540
192.168.43.192 - - [28/Oct/2025:13:35:27 +0000] "GET /api/live/ws HTTP/1.1" 401 105 "-" "Mozilla/5.0 (Macintosh; Intel Mac OS X 10_15_7) AppleWebKit/537.36 (KHTML, like Gecko) Chrome/141.0.0.0 Safari/537.36" 748 0.001 [grafana-grafana-80] [] 192.168.33.75:3000 105 0.001 401 f65252cad30057b0d71e389f25745be1
172.16.55.42 - - [28/Oct/2025:13:35:27 +0000] "GET / HTTP/2.0" 302 0 "-" "Blackbox Exporter/0.27.0" 48 0.003 [jupyterhub-proxy-public-http] [] 192.168.33.109:8000 0 0.003 302 866d2fa2a788410c1882f90fbb857a5a
172.16.55.42 - - [28/Oct/2025:13:35:27 +0000] "GET /hub/ HTTP/2.0" 302 0 "https://172.16.55.150" "Blackbox Exporter/0.27.0" 70 0.002 [jupyterhub-proxy-public-http] [] 192.168.33.109:8000 0 0.001 302 6f81b0fec8da384b3b96219cb320c9a7
172.16.55.42 - - [28/Oct/2025:13:35:27 +0000] "GET /hub/login?next=%2Fhub%2F HTTP/2.0" 302 0 "https://172.16.55.150/hub/" "Blackbox Exporter/0.27.0" 88 0.001 [jupyterhub-proxy-public-http] [] 192.168.33.109:8000 0 0.002 302 e2e265cd40d58fb6587e34f71a95e5c1
172.16.55.42 - - [28/Oct/2025:13:35:27 +0000] "GET /hub/oauth_login?next=%2Fhub%2F HTTP/2.0" 302 0 "https://172.16.55.150/hub/login?next=%2Fhub%2F" "Blackbox Exporter/0.27.0" 107 0.001 [jupyterhub-proxy-public-http] [] 192.168.33.109:8000 0 0.002 302 6d7778ee3a443c4d494eee686739cfce
172.16.55.42 - - [28/Oct/2025:13:35:27 +0000] "GET /realms/ki-awz/protocol/openid-connect/auth?response_type=code&redirect_uri=https%3A%2F%2Fjupyterhub.test.sa.uebung.de%2Fhub%2Foauth_callback&client_id=jupyterhub&code_challenge=Dh1pktN7Qpl8As365BNXpogD12eq37enJlj-qgBW2jo&code_challenge_method=S256&state=eyJzdGF0ZV9pZCI6ICI5NTk2Mzg1MjI2ZjM0ZGVjYWJlZjk5OWUzYWJhZjhhZCJ9&scope=openid+profile+roles+groups HTTP/2.0" 200 7062 "https://172.16.55.150/hub/oauth_login?next=%2Fhub%2F" "Blackbox Exporter/0.27.0" 356 0.004 [keycloak-keycloak-service-https] [] 192.168.41.186:8443 7062 0.005 200 63bbe5d578370335c55c944469faff96
172.16.55.42 - - [28/Oct/2025:13:35:32 +0000] "GET / HTTP/2.0" 200 7519 "-" "Blackbox Exporter/0.27.0" 44 0.003 [ai-1-lisa-open-webui-8080] [] 192.168.33.127:8080 7519 0.002 200 8759ddabbabdf9a7c39596fd3b8bf4e8
172.16.55.42 - - [28/Oct/2025:13:35:37 +0000] "GET / HTTP/2.0" 302 0 "-" "Blackbox Exporter/0.27.0" 48 0.004 [jupyterhub-proxy-public-http] [] 192.168.33.109:8000 0 0.004 302 6db1c2143efc29d0e58ddcfb2c0c1936
172.16.55.42 - - [28/Oct/2025:13:35:37 +0000] "GET /hub/ HTTP/2.0" 302 0 "https://172.16.55.150" "Blackbox Exporter/0.27.0" 70 0.002 [jupyterhub-proxy-public-http] [] 192.168.33.109:8000 0 0.001 302 24a2ac9e4a9c9d0859633fdbf4da4353
172.16.55.42 - - [28/Oct/2025:13:35:37 +0000] "GET /hub/login?next=%2Fhub%2F HTTP/2.0" 302 0 "https://172.16.55.150/hub/" "Blackbox Exporter/0.27.0" 88 0.002 [jupyterhub-proxy-public-http] [] 192.168.33.109:8000 0 0.002 302 b9bde297e59af42f7f15d0fc7b7fa105
172.16.55.42 - - [28/Oct/2025:13:35:37 +0000] "GET /hub/oauth_login?next=%2Fhub%2F HTTP/2.0" 302 0 "https://172.16.55.150/hub/login?next=%2Fhub%2F" "Blackbox Exporter/0.27.0" 107 0.002 [jupyterhub-proxy-public-http] [] 192.168.33.109:8000 0 0.002 302 b12447163040080da74b05fa35cf2679
172.16.55.42 - - [28/Oct/2025:13:35:37 +0000] "GET /realms/ki-awz/protocol/openid-connect/auth?response_type=code&redirect_uri=https%3A%2F%2Fjupyterhub.test.sa.uebung.de%2Fhub%2Foauth_callback&client_id=jupyterhub&code_challenge=K4dDeLFeWNj4lmvrrnpp2aQZQ-cF6VNJLNqr5iSA6n8&code_challenge_method=S256&state=eyJzdGF0ZV9pZCI6ICI3YTc3MzNhYzg5OWI0OTIwOTJmZDgwZDE1OWMzMTFlNyJ9&scope=openid+profile+roles+groups HTTP/2.0" 200 7062 "https://172.16.55.150/hub/oauth_login?next=%2Fhub%2F" "Blackbox Exporter/0.27.0" 356 0.002 [keycloak-keycloak-service-https] [] 192.168.41.186:8443 7062 0.003 200 387005d645d9f518b19b235fa8cf11ba
192.168.43.192 - - [28/Oct/2025:13:35:38 +0000] "GET /api/live/ws HTTP/1.1" 401 105 "-" "Mozilla/5.0 (Macintosh; Intel Mac OS X 10_15_7) AppleWebKit/537.36 (KHTML, like Gecko) Chrome/141.0.0.0 Safari/537.36" 748 0.001 [grafana-grafana-80] [] 192.168.33.75:3000 105 0.001 401 e8dba19a74d29b0936f01b2e8170cedb
192.168.43.192 - - [28/Oct/2025:13:35:39 +0000] "GET /api/live/ws HTTP/1.1" 401 105 "-" "Mozilla/5.0 (Macintosh; Intel Mac OS X 10_15_7) AppleWebKit/537.36 (KHTML, like Gecko) Chrome/141.0.0.0 Safari/537.36" 748 0.001 [grafana-grafana-80] [] 192.168.33.75:3000 105 0.001 401 028c02662219d95a56900d9875f7caf6
172.16.55.42 - - [28/Oct/2025:13:35:42 +0000] "GET / HTTP/2.0" 200 7519 "-" "Blackbox Exporter/0.27.0" 44 0.002 [ai-1-lisa-open-webui-8080] [] 192.168.33.127:8080 7519 0.002 200 11e18513a21f88812d5e8535989e7d96
192.168.43.192 - - [28/Oct/2025:13:35:43 +0000] "GET /api/live/ws HTTP/1.1" 401 105 "-" "Mozilla/5.0 (Macintosh; Intel Mac OS X 10_15_7) AppleWebKit/537.36 (KHTML, like Gecko) Chrome/141.0.0.0 Safari/537.36" 748 0.001 [grafana-grafana-80] [] 192.168.33.75:3000 105 0.001 401 39796eca80eb8480f0cf6899358d11f7
172.16.55.42 - - [28/Oct/2025:13:35:47 +0000] "GET / HTTP/2.0" 302 0 "-" "Blackbox Exporter/0.27.0" 48 0.002 [jupyterhub-proxy-public-http] [] 192.168.33.109:8000 0 0.003 302 7d5b550f7bf2389a8031b9421606972b
172.16.55.42 - - [28/Oct/2025:13:35:47 +0000] "GET /hub/ HTTP/2.0" 302 0 "https://172.16.55.150" "Blackbox Exporter/0.27.0" 70 0.003 [jupyterhub-proxy-public-http] [] 192.168.33.109:8000 0 0.004 302 5c03076e24730dab323047aaaa261bcf
172.16.55.42 - - [28/Oct/2025:13:35:47 +0000] "GET /hub/login?next=%2Fhub%2F HTTP/2.0" 302 0 "https://172.16.55.150/hub/" "Blackbox Exporter/0.27.0" 88 0.001 [jupyterhub-proxy-public-http] [] 192.168.33.109:8000 0 0.002 302 330dfa50934f1d50673eece7367ea7ee
172.16.55.42 - - [28/Oct/2025:13:35:47 +0000] "GET /hub/oauth_login?next=%2Fhub%2F HTTP/2.0" 302 0 "https://172.16.55.150/hub/login?next=%2Fhub%2F" "Blackbox Exporter/0.27.0" 107 0.001 [jupyterhub-proxy-public-http] [] 192.168.33.109:8000 0 0.002 302 3422a146ef502ae3b498cceaf3470d42
172.16.55.42 - - [28/Oct/2025:13:35:47 +0000] "GET /realms/ki-awz/protocol/openid-connect/auth?response_type=code&redirect_uri=https%3A%2F%2Fjupyterhub.test.sa.uebung.de%2Fhub%2Foauth_callback&client_id=jupyterhub&code_challenge=143abCdcbOBRcIKn5Jzkd9FxOllfW6KRBi6RWkYg1w0&code_challenge_method=S256&state=eyJzdGF0ZV9pZCI6ICJhYjNlOTMyYjNmYzQ0YjQyODM2YmIzODAwM2Q0ZDI3ZiJ9&scope=openid+profile+roles+groups HTTP/2.0" 200 7062 "https://172.16.55.150/hub/oauth_login?next=%2Fhub%2F" "Blackbox Exporter/0.27.0" 356 0.005 [keycloak-keycloak-service-https] [] 192.168.41.186:8443 7062 0.005 200 c951f555c643b0b4304d3f79d566892f
172.16.55.42 - - [28/Oct/2025:13:35:52 +0000] "GET / HTTP/2.0" 200 7519 "-" "Blackbox Exporter/0.27.0" 44 0.002 [ai-1-lisa-open-webui-8080] [] 192.168.33.127:8080 7519 0.002 200 965e363f5c8b46d3fc1d0d55ea2792f6
172.16.55.42 - - [28/Oct/2025:13:35:57 +0000] "GET / HTTP/2.0" 302 0 "-" "Blackbox Exporter/0.27.0" 48 0.003 [jupyterhub-proxy-public-http] [] 192.168.33.109:8000 0 0.004 302 6ac8dd14aa15c3ec406d5f85679fc335
172.16.55.42 - - [28/Oct/2025:13:35:57 +0000] "GET /hub/ HTTP/2.0" 302 0 "https://172.16.55.150" "Blackbox Exporter/0.27.0" 70 0.001 [jupyterhub-proxy-public-http] [] 192.168.33.109:8000 0 0.002 302 c1d086c167f50c18a901341e9ab53180
172.16.55.42 - - [28/Oct/2025:13:35:57 +0000] "GET /hub/login?next=%2Fhub%2F HTTP/2.0" 302 0 "https://172.16.55.150/hub/" "Blackbox Exporter/0.27.0" 88 0.002 [jupyterhub-proxy-public-http] [] 192.168.33.109:8000 0 0.001 302 b36a4a0c882669b403e0c80d5e669213
172.16.55.42 - - [28/Oct/2025:13:35:57 +0000] "GET /hub/oauth_login?next=%2Fhub%2F HTTP/2.0" 302 0 "https://172.16.55.150/hub/login?next=%2Fhub%2F" "Blackbox Exporter/0.27.0" 107 0.002 [jupyterhub-proxy-public-http] [] 192.168.33.109:8000 0 0.001 302 a9607ec064184d0669eaba0fbaf9a874
172.16.55.42 - - [28/Oct/2025:13:35:57 +0000] "GET /realms/ki-awz/protocol/openid-connect/auth?response_type=code&redirect_uri=https%3A%2F%2Fjupyterhub.test.sa.uebung.de%2Fhub%2Foauth_callback&client_id=jupyterhub&code_challenge=WnJncvoyC0oFU2H_cDcH9Z6h7EzD4cvvMb1KuA7V9Dw&code_challenge_method=S256&state=eyJzdGF0ZV9pZCI6ICJhMGRkNDdlNjNkM2Q0YmQ2YjQ3ZDA4MjE4MmI2MDA3ZCJ9&scope=openid+profile+roles+groups HTTP/2.0" 200 7062 "https://172.16.55.150/hub/oauth_login?next=%2Fhub%2F" "Blackbox Exporter/0.27.0" 356 0.004 [keycloak-keycloak-service-https] [] 192.168.41.186:8443 7062 0.004 200 e67a3a6119d2d920926c3955f8a6e94a
192.168.43.192 - - [28/Oct/2025:13:36:00 +0000] "GET /api/live/ws HTTP/1.1" 401 105 "-" "Mozilla/5.0 (Macintosh; Intel Mac OS X 10_15_7) AppleWebKit/537.36 (KHTML, like Gecko) Chrome/141.0.0.0 Safari/537.36" 748 0.001 [grafana-grafana-80] [] 192.168.33.75:3000 105 0.001 401 028860fe79b4b2fd679194fd74314e00
172.16.55.42 - - [28/Oct/2025:13:36:02 +0000] "GET / HTTP/2.0" 200 7519 "-" "Blackbox Exporter/0.27.0" 44 0.002 [ai-1-lisa-open-webui-8080] [] 192.168.33.127:8080 7519 0.002 200 408f1d5140de0c21b9dff79b74730886
192.168.43.192 - - [28/Oct/2025:13:36:02 +0000] "GET /api/live/ws HTTP/1.1" 401 105 "-" "Mozilla/5.0 (Macintosh; Intel Mac OS X 10_15_7) AppleWebKit/537.36 (KHTML, like Gecko) Chrome/141.0.0.0 Safari/537.36" 748 0.001 [grafana-grafana-80] [] 192.168.33.75:3000 105 0.001 401 9d9faf7160a56b3284d0d5b88a662d6b
172.16.55.42 - - [28/Oct/2025:13:36:07 +0000] "GET / HTTP/2.0" 302 0 "-" "Blackbox Exporter/0.27.0" 48 0.004 [jupyterhub-proxy-public-http] [] 192.168.33.109:8000 0 0.003 302 446e8503814eaf795c80e4d6700dbc24
172.16.55.42 - - [28/Oct/2025:13:36:07 +0000] "GET /hub/ HTTP/2.0" 302 0 "https://172.16.55.150" "Blackbox Exporter/0.27.0" 70 0.001 [jupyterhub-proxy-public-http] [] 192.168.33.109:8000 0 0.001 302 07137726e50767e21268450b3ffe1b87
172.16.55.42 - - [28/Oct/2025:13:36:07 +0000] "GET /hub/login?next=%2Fhub%2F HTTP/2.0" 302 0 "https://172.16.55.150/hub/" "Blackbox Exporter/0.27.0" 88 0.001 [jupyterhub-proxy-public-http] [] 192.168.33.109:8000 0 0.001 302 141afaabed30605220fa2c9ad57f11c1
172.16.55.42 - - [28/Oct/2025:13:36:07 +0000] "GET /hub/oauth_login?next=%2Fhub%2F HTTP/2.0" 302 0 "https://172.16.55.150/hub/login?next=%2Fhub%2F" "Blackbox Exporter/0.27.0" 107 0.002 [jupyterhub-proxy-public-http] [] 192.168.33.109:8000 0 0.002 302 7c131c2dcfb8886cc25902ad54867122
172.16.55.42 - - [28/Oct/2025:13:36:07 +0000] "GET /realms/ki-awz/protocol/openid-connect/auth?response_type=code&redirect_uri=https%3A%2F%2Fjupyterhub.test.sa.uebung.de%2Fhub%2Foauth_callback&client_id=jupyterhub&code_challenge=8dAo4tfWdQdMdTLKCWJ4wAUiKlgvOuuh6R65QMHmJAo&code_challenge_method=S256&state=eyJzdGF0ZV9pZCI6ICJmODNmNDE3MzA0MzY0OWY2OWFhNzkzMDM4Y2FhOTQ4MiJ9&scope=openid+profile+roles+groups HTTP/2.0" 200 7062 "https://172.16.55.150/hub/oauth_login?next=%2Fhub%2F" "Blackbox Exporter/0.27.0" 356 0.003 [keycloak-keycloak-service-https] [] 192.168.41.186:8443 7062 0.004 200 fcffbfb6538610f8d4b7d72d05a2e44a
172.16.55.42 - - [28/Oct/2025:13:36:12 +0000] "GET / HTTP/2.0" 200 7519 "-" "Blackbox Exporter/0.27.0" 44 0.002 [ai-1-lisa-open-webui-8080] [] 192.168.33.127:8080 7519 0.002 200 9e6f52ed346c4b385c73b636b71528f4
192.168.43.192 - - [28/Oct/2025:13:36:13 +0000] "GET /api/live/ws HTTP/1.1" 401 105 "-" "Mozilla/5.0 (Macintosh; Intel Mac OS X 10_15_7) AppleWebKit/537.36 (KHTML, like Gecko) Chrome/141.0.0.0 Safari/537.36" 748 0.001 [grafana-grafana-80] [] 192.168.33.75:3000 105 0.001 401 2966408dcbe7c11e0d2c10a4225af753
192.168.43.192 - - [28/Oct/2025:13:36:17 +0000] "GET /api/live/ws HTTP/1.1" 401 105 "-" "Mozilla/5.0 (Macintosh; Intel Mac OS X 10_15_7) AppleWebKit/537.36 (KHTML, like Gecko) Chrome/141.0.0.0 Safari/537.36" 748 0.001 [grafana-grafana-80] [] 192.168.33.75:3000 105 0.001 401 5510544136a4d21f4478e897b5cbebd2
172.16.55.42 - - [28/Oct/2025:13:36:17 +0000] "GET / HTTP/2.0" 302 0 "-" "Blackbox Exporter/0.27.0" 48 0.003 [jupyterhub-proxy-public-http] [] 192.168.33.109:8000 0 0.004 302 6967a5fc81e79659dc0e3136bf7cede5
172.16.55.42 - - [28/Oct/2025:13:36:17 +0000] "GET /hub/ HTTP/2.0" 302 0 "https://172.16.55.150" "Blackbox Exporter/0.27.0" 70 0.002 [jupyterhub-proxy-public-http] [] 192.168.33.109:8000 0 0.002 302 3d625d958adc8b134e92bd88a77747ff
172.16.55.42 - - [28/Oct/2025:13:36:17 +0000] "GET /hub/login?next=%2Fhub%2F HTTP/2.0" 302 0 "https://172.16.55.150/hub/" "Blackbox Exporter/0.27.0" 88 0.002 [jupyterhub-proxy-public-http] [] 192.168.33.109:8000 0 0.001 302 379efd631a35d239293fd4b7cbefb642
172.16.55.42 - - [28/Oct/2025:13:36:17 +0000] "GET /hub/oauth_login?next=%2Fhub%2F HTTP/2.0" 302 0 "https://172.16.55.150/hub/login?next=%2Fhub%2F" "Blackbox Exporter/0.27.0" 107 0.002 [jupyterhub-proxy-public-http] [] 192.168.33.109:8000 0 0.002 302 6d3d090f991fa775e699c123adf0b66c
172.16.55.42 - - [28/Oct/2025:13:36:17 +0000] "GET /realms/ki-awz/protocol/openid-connect/auth?response_type=code&redirect_uri=https%3A%2F%2Fjupyterhub.test.sa.uebung.de%2Fhub%2Foauth_callback&client_id=jupyterhub&code_challenge=R44QNCP0sflGBpKeZ_WIe_Zi2x9_wC__rmI7TEZkkHA&code_challenge_method=S256&state=eyJzdGF0ZV9pZCI6ICJkY2VlZDNhYTAyNTM0NDgyODVhMDFjNWU0OTEwYzM4NyJ9&scope=openid+profile+roles+groups HTTP/2.0" 200 7062 "https://172.16.55.150/hub/oauth_login?next=%2Fhub%2F" "Blackbox Exporter/0.27.0" 357 0.002 [keycloak-keycloak-service-https] [] 192.168.41.186:8443 7062 0.003 200 82982dd97bd141bb628f78ade770bb7b
192.168.43.192 - - [28/Oct/2025:13:36:21 +0000] "GET /api/live/ws HTTP/1.1" 401 105 "-" "Mozilla/5.0 (Macintosh; Intel Mac OS X 10_15_7) AppleWebKit/537.36 (KHTML, like Gecko) Chrome/141.0.0.0 Safari/537.36" 748 0.001 [grafana-grafana-80] [] 192.168.33.75:3000 105 0.001 401 a5c1f07ea8afb69616f9c103e58764ba
172.16.55.42 - - [28/Oct/2025:13:36:22 +0000] "GET / HTTP/2.0" 200 7519 "-" "Blackbox Exporter/0.27.0" 44 0.002 [ai-1-lisa-open-webui-8080] [] 192.168.33.127:8080 7519 0.002 200 665151650cfe9e840884de87b3ae522a
192.168.43.192 - - [28/Oct/2025:13:36:26 +0000] "GET /user/user-1/static/favicons/favicon.ico HTTP/2.0" 302 0 "https://grafana.ki-awz.iisys.de/" "Mozilla/5.0 (Macintosh; Intel Mac OS X 10_15_7) AppleWebKit/537.36 (KHTML, like Gecko) Chrome/141.0.0.0 Safari/537.36" 497 0.002 [jupyterhub-proxy-public-http] [] 192.168.33.109:8000 0 0.001 302 6f37523f63986b6e42243e36baf29317
192.168.43.192 - - [28/Oct/2025:13:36:26 +0000] "GET /hub/user/user-1/static/favicons/favicon.ico HTTP/2.0" 302 0 "https://grafana.ki-awz.iisys.de/" "Mozilla/5.0 (Macintosh; Intel Mac OS X 10_15_7) AppleWebKit/537.36 (KHTML, like Gecko) Chrome/141.0.0.0 Safari/537.36" 50 0.002 [jupyterhub-proxy-public-http] [] 192.168.33.109:8000 0 0.001 302 a2893b773e26c71eca7ef036b0bcb6a9
192.168.43.192 - - [28/Oct/2025:13:36:26 +0000] "GET /hub/login?next=%2Fhub%2Fuser%2Fuser-1%2Fstatic%2Ffavicons%2Ffavicon.ico HTTP/2.0" 302 0 "https://grafana.ki-awz.iisys.de/" "Mozilla/5.0 (Macintosh; Intel Mac OS X 10_15_7) AppleWebKit/537.36 (KHTML, like Gecko) Chrome/141.0.0.0 Safari/537.36" 77 0.001 [jupyterhub-proxy-public-http] [] 192.168.33.109:8000 0 0.001 302 c9a467da24027bb95f6e126d119209dc
192.168.43.192 - - [28/Oct/2025:13:36:26 +0000] "GET /hub/oauth_login?next=%2Fhub%2Fuser%2Fuser-1%2Fstatic%2Ffavicons%2Ffavicon.ico HTTP/2.0" 302 0 "https://grafana.ki-awz.iisys.de/" "Mozilla/5.0 (Macintosh; Intel Mac OS X 10_15_7) AppleWebKit/537.36 (KHTML, like Gecko) Chrome/141.0.0.0 Safari/537.36" 75 0.001 [jupyterhub-proxy-public-http] [] 192.168.33.109:8000 0 0.002 302 11b460a29f82a55114d441628e71b940
192.168.43.192 - - [28/Oct/2025:13:36:26 +0000] "GET /realms/ki-awz/protocol/openid-connect/auth?response_type=code&redirect_uri=https%3A%2F%2Fjupyterhub.test.sa.uebung.de%2Fhub%2Foauth_callback&client_id=jupyterhub&code_challenge=YjRO7S2kuCEhnqpA1lG_J6TkErRy-ubl3yYOy6pum0Y&code_challenge_method=S256&state=eyJzdGF0ZV9pZCI6ICIxOGJiMzQ2OTlkMTU0YTQ3OTRhODhkMGI2MmI4ZjQ1ZSJ9&scope=openid+profile+roles+groups HTTP/2.0" 200 7062 "https://grafana.ki-awz.iisys.de/" "Mozilla/5.0 (Macintosh; Intel Mac OS X 10_15_7) AppleWebKit/537.36 (KHTML, like Gecko) Chrome/141.0.0.0 Safari/537.36" 1502 0.005 [keycloak-keycloak-service-https] [] 192.168.41.186:8443 7062 0.004 200 2263f37ab2adaf16835c9b17b0c72e5e
172.16.55.42 - - [28/Oct/2025:13:36:27 +0000] "GET / HTTP/2.0" 302 0 "-" "Blackbox Exporter/0.27.0" 48 0.003 [jupyterhub-proxy-public-http] [] 192.168.33.109:8000 0 0.003 302 3c427de029179a2f15d68edeeb125995
172.16.55.42 - - [28/Oct/2025:13:36:27 +0000] "GET /hub/ HTTP/2.0" 302 0 "https://172.16.55.150" "Blackbox Exporter/0.27.0" 70 0.002 [jupyterhub-proxy-public-http] [] 192.168.33.109:8000 0 0.002 302 589ca91091a60b2913fc7dee7627f759
172.16.55.42 - - [28/Oct/2025:13:36:27 +0000] "GET /hub/login?next=%2Fhub%2F HTTP/2.0" 302 0 "https://172.16.55.150/hub/" "Blackbox Exporter/0.27.0" 88 0.002 [jupyterhub-proxy-public-http] [] 192.168.33.109:8000 0 0.001 302 d7b822320c8fefce0bb850c565b99cb8
172.16.55.42 - - [28/Oct/2025:13:36:27 +0000] "GET /hub/oauth_login?next=%2Fhub%2F HTTP/2.0" 302 0 "https://172.16.55.150/hub/login?next=%2Fhub%2F" "Blackbox Exporter/0.27.0" 107 0.002 [jupyterhub-proxy-public-http] [] 192.168.33.109:8000 0 0.002 302 d4a909fbefc36fe7eee4cce57ba148ab
172.16.55.42 - - [28/Oct/2025:13:36:27 +0000] "GET /realms/ki-awz/protocol/openid-connect/auth?response_type=code&redirect_uri=https%3A%2F%2Fjupyterhub.test.sa.uebung.de%2Fhub%2Foauth_callback&client_id=jupyterhub&code_challenge=7yGkjruaihdbFwGyiLToba7vXvte-z5Y9i-cEUPGIsA&code_challenge_method=S256&state=eyJzdGF0ZV9pZCI6ICI0NzgzNTQyNTM2YzU0NGY3OThlMWZjYWIzN2JjZTQwNSJ9&scope=openid+profile+roles+groups HTTP/2.0" 200 7062 "https://172.16.55.150/hub/oauth_login?next=%2Fhub%2F" "Blackbox Exporter/0.27.0" 356 0.005 [keycloak-keycloak-service-https] [] 192.168.41.186:8443 7062 0.004 200 4c4735326c4f22b4ed8a6177c299dc50
172.16.55.42 - - [28/Oct/2025:13:36:32 +0000] "GET / HTTP/2.0" 200 7519 "-" "Blackbox Exporter/0.27.0" 44 0.002 [ai-1-lisa-open-webui-8080] [] 192.168.33.127:8080 7519 0.002 200 14ad59d35ea502bbc2b0897fccd219ca
172.16.55.42 - - [28/Oct/2025:13:36:37 +0000] "GET / HTTP/2.0" 302 0 "-" "Blackbox Exporter/0.27.0" 48 0.003 [jupyterhub-proxy-public-http] [] 192.168.33.109:8000 0 0.003 302 68c87a31609b989b6af28dad302442fc
172.16.55.42 - - [28/Oct/2025:13:36:37 +0000] "GET /hub/ HTTP/2.0" 302 0 "https://172.16.55.150" "Blackbox Exporter/0.27.0" 70 0.003 [jupyterhub-proxy-public-http] [] 192.168.33.109:8000 0 0.004 302 65550e519464e943e78142cc53ca6865
172.16.55.42 - - [28/Oct/2025:13:36:37 +0000] "GET /hub/login?next=%2Fhub%2F HTTP/2.0" 302 0 "https://172.16.55.150/hub/" "Blackbox Exporter/0.27.0" 88 0.001 [jupyterhub-proxy-public-http] [] 192.168.33.109:8000 0 0.002 302 d50184ab82e5281088fff07f01a80a5f
172.16.55.42 - - [28/Oct/2025:13:36:37 +0000] "GET /hub/oauth_login?next=%2Fhub%2F HTTP/2.0" 302 0 "https://172.16.55.150/hub/login?next=%2Fhub%2F" "Blackbox Exporter/0.27.0" 107 0.002 [jupyterhub-proxy-public-http] [] 192.168.33.109:8000 0 0.001 302 16b622b2ad58d20f613483a12ed1435d
172.16.55.42 - - [28/Oct/2025:13:36:37 +0000] "GET /realms/ki-awz/protocol/openid-connect/auth?response_type=code&redirect_uri=https%3A%2F%2Fjupyterhub.test.sa.uebung.de%2Fhub%2Foauth_callback&client_id=jupyterhub&code_challenge=BWsvLZAMxnqxsDQofz75bEgCwdi2Hf7wTflfUiOTIcg&code_challenge_method=S256&state=eyJzdGF0ZV9pZCI6ICI3MWM0MDJjNTlkNjk0OTA4ODg1YzQ2NjUwZDJmM2QxNSJ9&scope=openid+profile+roles+groups HTTP/2.0" 200 7062 "https://172.16.55.150/hub/oauth_login?next=%2Fhub%2F" "Blackbox Exporter/0.27.0" 356 0.005 [keycloak-keycloak-service-https] [] 192.168.41.186:8443 7062 0.004 200 fead7d36c1d42d9e6fed10b74e977f69
192.168.43.192 - - [28/Oct/2025:13:36:41 +0000] "GET /api/live/ws HTTP/1.1" 401 105 "-" "Mozilla/5.0 (Macintosh; Intel Mac OS X 10_15_7) AppleWebKit/537.36 (KHTML, like Gecko) Chrome/141.0.0.0 Safari/537.36" 748 0.001 [grafana-grafana-80] [] 192.168.33.75:3000 105 0.001 401 124fe14d566eae697cb6af0036e73559
172.16.55.42 - - [28/Oct/2025:13:36:42 +0000] "GET / HTTP/2.0" 200 7519 "-" "Blackbox Exporter/0.27.0" 44 0.002 [ai-1-lisa-open-webui-8080] [] 192.168.33.127:8080 7519 0.003 200 1ad0526ba65c738098135df9bf95e571
192.168.43.192 - - [28/Oct/2025:13:36:43 +0000] "GET /api/datasources/uid/loki/resources/index/stats?query=%7Bservice_name%3D%22syslog%22%7D&start=1761483890630000000&end=1761656690630000000 HTTP/2.0" 401 105 "https://grafana.test.sa.uebung.de/d/157a07a6-2ef8-4431-aca1-fdc65792d12a/loki?orgId=1&from=now-2d&to=now&timezone=browser&var-Filters=&var-query0=&var-Kube=%22fluent-bit-88pjk%22&var-node=%22fluent-bit-6f2ph%22&var-query0-2=&editIndex=2&var-test=&editPanel=18" "Mozilla/5.0 (Macintosh; Intel Mac OS X 10.15; rv:144.0) Gecko/20100101 Firefox/144.0" 685 0.001 [grafana-grafana-80] [] 192.168.33.75:3000 105 0.001 401 78503c414af3b1b7f8b06c349478e0ab
192.168.43.192 - - [28/Oct/2025:13:36:43 +0000] "GET /api/datasources/uid/loki/resources/index/stats?query=%7Bservice_name%3D%22syslog%22%7D&start=1761483890630000000&end=1761656690630000000 HTTP/2.0" 401 105 "https://grafana.test.sa.uebung.de/d/157a07a6-2ef8-4431-aca1-fdc65792d12a/loki?orgId=1&from=now-2d&to=now&timezone=browser&var-Filters=&var-query0=&var-Kube=%22fluent-bit-88pjk%22&var-node=%22fluent-bit-6f2ph%22&var-query0-2=&editIndex=2&var-test=&editPanel=18" "Mozilla/5.0 (Macintosh; Intel Mac OS X 10.15; rv:144.0) Gecko/20100101 Firefox/144.0" 120 0.000 [grafana-grafana-80] [] 192.168.33.75:3000 105 0.001 401 fbce2f58a9ab2bf07975bbb042f65fc6
192.168.43.192 - - [28/Oct/2025:13:36:43 +0000] "POST /api/user/auth-tokens/rotate HTTP/2.0" 200 2 "https://grafana.test.sa.uebung.de/d/157a07a6-2ef8-4431-aca1-fdc65792d12a/loki?orgId=1&from=now-2d&to=now&timezone=browser&var-Filters=&var-query0=&var-Kube=%22fluent-bit-88pjk%22&var-node=%22fluent-bit-6f2ph%22&var-query0-2=&editIndex=2&var-test=&editPanel=18" "Mozilla/5.0 (Macintosh; Intel Mac OS X 10.15; rv:144.0) Gecko/20100101 Firefox/144.0" 91 0.008 [grafana-grafana-80] [] 192.168.33.75:3000 2 0.008 200 34e95e9dc9f7522f7bd2d9e1877bda7c
192.168.43.192 - - [28/Oct/2025:13:36:43 +0000] "GET /public/build/1821.bbc28cd147a14102e2cf.js HTTP/2.0" 200 1729 "https://grafana.test.sa.uebung.de/d/157a07a6-2ef8-4431-aca1-fdc65792d12a/loki?orgId=1&from=now-6h&to=now&timezone=browser&var-Filters=host%7C%3D%7C%22kube-1%22&var-query0=&editIndex=1&var-Kube=kube-1" "Mozilla/5.0 (Macintosh; Intel Mac OS X 10.15; rv:144.0) Gecko/20100101 Firefox/144.0" 218 0.000 [grafana-grafana-80] [] 192.168.33.75:3000 1729 0.001 200 ba98eb3c9f4aabf9afec7f9e4499aea8
172.16.55.42 - grafana [28/Oct/2025:13:36:43 +0000] "POST /realms/ki-awz/protocol/openid-connect/token HTTP/1.1" 200 4008 "-" "Go-http-client/1.1" 1047 0.013 [keycloak-keycloak-service-https] [] 192.168.41.186:8443 4008 0.013 200 42a20cf4e8c927e49ec4591d8e98e5f3
192.168.43.192 - - [28/Oct/2025:13:36:43 +0000] "GET /api/datasources/uid/loki/resources/index/stats?query=%7Bservice_name%3D%22syslog%22%7D&start=1761483890630000000&end=1761656690630000000 HTTP/2.0" 200 61 "https://grafana.test.sa.uebung.de/d/157a07a6-2ef8-4431-aca1-fdc65792d12a/loki?orgId=1&from=now-2d&to=now&timezone=browser&var-Filters=&var-query0=&var-Kube=%22fluent-bit-88pjk%22&var-node=%22fluent-bit-6f2ph%22&var-query0-2=&editIndex=2&var-test=&editPanel=18" "Mozilla/5.0 (Macintosh; Intel Mac OS X 10.15; rv:144.0) Gecko/20100101 Firefox/144.0" 182 0.130 [grafana-grafana-80] [] 192.168.33.75:3000 72 0.130 200 b8622db9e843c5834a5a6ebdd0df3d23
192.168.43.192 - - [28/Oct/2025:13:36:43 +0000] "GET /api/datasources/uid/loki/resources/index/stats?query=%7Bservice_name%3D%22syslog%22%7D&start=1761483890630000000&end=1761656690630000000 HTTP/2.0" 200 61 "https://grafana.test.sa.uebung.de/d/157a07a6-2ef8-4431-aca1-fdc65792d12a/loki?orgId=1&from=now-2d&to=now&timezone=browser&var-Filters=&var-query0=&var-Kube=%22fluent-bit-88pjk%22&var-node=%22fluent-bit-6f2ph%22&var-query0-2=&editIndex=2&var-test=&editPanel=18" "Mozilla/5.0 (Macintosh; Intel Mac OS X 10.15; rv:144.0) Gecko/20100101 Firefox/144.0" 120 0.130 [grafana-grafana-80] [] 192.168.33.75:3000 72 0.130 200 15b74c9dc4b1d89d6f1bc793f602b09b
172.16.55.42 - - [28/Oct/2025:13:36:47 +0000] "GET / HTTP/2.0" 302 0 "-" "Blackbox Exporter/0.27.0" 48 0.004 [jupyterhub-proxy-public-http] [] 192.168.33.109:8000 0 0.003 302 5e68db62e3cb036e9fd88ef108aabe40
172.16.55.42 - - [28/Oct/2025:13:36:47 +0000] "GET /hub/ HTTP/2.0" 302 0 "https://172.16.55.150" "Blackbox Exporter/0.27.0" 70 0.002 [jupyterhub-proxy-public-http] [] 192.168.33.109:8000 0 0.001 302 92016f97e976ecee1a5a37f96c91b60e
172.16.55.42 - - [28/Oct/2025:13:36:47 +0000] "GET /hub/login?next=%2Fhub%2F HTTP/2.0" 302 0 "https://172.16.55.150/hub/" "Blackbox Exporter/0.27.0" 88 0.001 [jupyterhub-proxy-public-http] [] 192.168.33.109:8000 0 0.002 302 8cfe40304eb68cd14dbc1c92b4fdedd3
172.16.55.42 - - [28/Oct/2025:13:36:47 +0000] "GET /hub/oauth_login?next=%2Fhub%2F HTTP/2.0" 302 0 "https://172.16.55.150/hub/login?next=%2Fhub%2F" "Blackbox Exporter/0.27.0" 107 0.002 [jupyterhub-proxy-public-http] [] 192.168.33.109:8000 0 0.002 302 4a7fdae593779ce53df33e1a94ff9ccb
172.16.55.42 - - [28/Oct/2025:13:36:47 +0000] "GET /realms/ki-awz/protocol/openid-connect/auth?response_type=code&redirect_uri=https%3A%2F%2Fjupyterhub.test.sa.uebung.de%2Fhub%2Foauth_callback&client_id=jupyterhub&code_challenge=S9GKueV_-KzLLLuqCPUoZJ5be0VrMsSANdiYuxiI8fw&code_challenge_method=S256&state=eyJzdGF0ZV9pZCI6ICJlMTY2ZWVjZjJhNzE0NGY1ODU3ZjVmNzI0ZmEwNWNlYyJ9&scope=openid+profile+roles+groups HTTP/2.0" 200 7062 "https://172.16.55.150/hub/oauth_login?next=%2Fhub%2F" "Blackbox Exporter/0.27.0" 357 0.005 [keycloak-keycloak-service-https] [] 192.168.41.186:8443 7062 0.004 200 4c9ffe50ee586635dfc6b98e9f325b6f
172.16.55.42 - - [28/Oct/2025:13:36:52 +0000] "GET / HTTP/2.0" 200 7519 "-" "Blackbox Exporter/0.27.0" 44 0.002 [ai-1-lisa-open-webui-8080] [] 192.168.33.127:8080 7519 0.002 200 03cfba45e77fd315e76a6b988bab9d5d
192.168.43.192 - - [28/Oct/2025:13:36:57 +0000] "GET /api/live/ws HTTP/1.1" 401 105 "-" "Mozilla/5.0 (Macintosh; Intel Mac OS X 10_15_7) AppleWebKit/537.36 (KHTML, like Gecko) Chrome/141.0.0.0 Safari/537.36" 748 0.001 [grafana-grafana-80] [] 192.168.33.75:3000 105 0.001 401 c42c662b81c077a77d7249daf0d46147
172.16.55.42 - - [28/Oct/2025:13:36:57 +0000] "GET / HTTP/2.0" 302 0 "-" "Blackbox Exporter/0.27.0" 48 0.002 [jupyterhub-proxy-public-http] [] 192.168.33.109:8000 0 0.002 302 63b1ae2268b0859ce03c94f70735e9bf
172.16.55.42 - - [28/Oct/2025:13:36:57 +0000] "GET /hub/ HTTP/2.0" 302 0 "https://172.16.55.150" "Blackbox Exporter/0.27.0" 70 0.002 [jupyterhub-proxy-public-http] [] 192.168.33.109:8000 0 0.001 302 a3f98827d9249baea6ed68d7ba115bc5
172.16.55.42 - - [28/Oct/2025:13:36:57 +0000] "GET /hub/login?next=%2Fhub%2F HTTP/2.0" 302 0 "https://172.16.55.150/hub/" "Blackbox Exporter/0.27.0" 88 0.002 [jupyterhub-proxy-public-http] [] 192.168.33.109:8000 0 0.001 302 7c3c893deac107e216487204594f48c8
172.16.55.42 - - [28/Oct/2025:13:36:57 +0000] "GET /hub/oauth_login?next=%2Fhub%2F HTTP/2.0" 302 0 "https://172.16.55.150/hub/login?next=%2Fhub%2F" "Blackbox Exporter/0.27.0" 107 0.002 [jupyterhub-proxy-public-http] [] 192.168.33.109:8000 0 0.001 302 80062d2a46f8c5c3d9e9345bf1a6842a
172.16.55.42 - - [28/Oct/2025:13:36:57 +0000] "GET /realms/ki-awz/protocol/openid-connect/auth?response_type=code&redirect_uri=https%3A%2F%2Fjupyterhub.test.sa.uebung.de%2Fhub%2Foauth_callback&client_id=jupyterhub&code_challenge=CNsVwizR4qHjV5ObIyaP8X6SASkDOZhwEc9_124Q5Ek&code_challenge_method=S256&state=eyJzdGF0ZV9pZCI6ICI4YWY3MGMzZTIyYWY0MTU0YTdhNjQwMWVkZGJkYjM4OCJ9&scope=openid+profile+roles+groups HTTP/2.0" 200 7062 "https://172.16.55.150/hub/oauth_login?next=%2Fhub%2F" "Blackbox Exporter/0.27.0" 358 0.004 [keycloak-keycloak-service-https] [] 192.168.41.186:8443 7062 0.005 200 b160be5d48adb4a778e57251c8b1a73d
172.16.55.42 - - [28/Oct/2025:13:37:02 +0000] "GET / HTTP/2.0" 200 7519 "-" "Blackbox Exporter/0.27.0" 44 0.002 [ai-1-lisa-open-webui-8080] [] 192.168.33.127:8080 7519 0.002 200 94b5d833fbc67057dec39a271b1370ff
192.168.43.192 - - [28/Oct/2025:13:37:05 +0000] "GET /api/live/ws HTTP/1.1" 401 105 "-" "Mozilla/5.0 (Macintosh; Intel Mac OS X 10_15_7) AppleWebKit/537.36 (KHTML, like Gecko) Chrome/141.0.0.0 Safari/537.36" 748 0.000 [grafana-grafana-80] [] 192.168.33.75:3000 105 0.001 401 cd7274fdc84ff01026e7b0998bc3a150
172.16.55.42 - - [28/Oct/2025:13:37:07 +0000] "GET / HTTP/2.0" 302 0 "-" "Blackbox Exporter/0.27.0" 48 0.005 [jupyterhub-proxy-public-http] [] 192.168.33.109:8000 0 0.005 302 731363f6b2856b2fec3b3a5b9da607d7
172.16.55.42 - - [28/Oct/2025:13:37:07 +0000] "GET /hub/ HTTP/2.0" 302 0 "https://172.16.55.150" "Blackbox Exporter/0.27.0" 70 0.002 [jupyterhub-proxy-public-http] [] 192.168.33.109:8000 0 0.002 302 fa0b9a79aaed7348d95eaa51bb004da2
172.16.55.42 - - [28/Oct/2025:13:37:07 +0000] "GET /hub/login?next=%2Fhub%2F HTTP/2.0" 302 0 "https://172.16.55.150/hub/" "Blackbox Exporter/0.27.0" 88 0.001 [jupyterhub-proxy-public-http] [] 192.168.33.109:8000 0 0.002 302 823dfd6602290d60ede798aae415fbb9
172.16.55.42 - - [28/Oct/2025:13:37:07 +0000] "GET /hub/oauth_login?next=%2Fhub%2F HTTP/2.0" 302 0 "https://172.16.55.150/hub/login?next=%2Fhub%2F" "Blackbox Exporter/0.27.0" 107 0.002 [jupyterhub-proxy-public-http] [] 192.168.33.109:8000 0 0.001 302 19ea8d3a5f2ffa94943b7b0587e61b49
172.16.55.42 - - [28/Oct/2025:13:37:07 +0000] "GET /realms/ki-awz/protocol/openid-connect/auth?response_type=code&redirect_uri=https%3A%2F%2Fjupyterhub.test.sa.uebung.de%2Fhub%2Foauth_callback&client_id=jupyterhub&code_challenge=KxoaxCFyK4Z6sXbZWmb5u1Tvo_r0tcHIOy88lXqSgKI&code_challenge_method=S256&state=eyJzdGF0ZV9pZCI6ICJkMjI5MGNkMTdmNjU0ZWM3OTM3OTEzZWViYzJhZGM3OCJ9&scope=openid+profile+roles+groups HTTP/2.0" 200 7062 "https://172.16.55.150/hub/oauth_login?next=%2Fhub%2F" "Blackbox Exporter/0.27.0" 357 0.005 [keycloak-keycloak-service-https] [] 192.168.41.186:8443 7062 0.004 200 f528dedafc483e9c3059ed4dc7f8c823
172.16.55.42 - - [28/Oct/2025:13:37:12 +0000] "GET / HTTP/2.0" 200 7519 "-" "Blackbox Exporter/0.27.0" 44 0.002 [ai-1-lisa-open-webui-8080] [] 192.168.33.127:8080 7519 0.002 200 80416d877dee76a1f97f797e1787bd5d
192.168.43.192 - - [28/Oct/2025:13:37:16 +0000] "GET /api/live/ws HTTP/1.1" 401 105 "-" "Mozilla/5.0 (Macintosh; Intel Mac OS X 10_15_7) AppleWebKit/537.36 (KHTML, like Gecko) Chrome/141.0.0.0 Safari/537.36" 748 0.000 [grafana-grafana-80] [] 192.168.33.75:3000 105 0.001 401 1cbdee41b330e105cdafa262cfe4019b
172.16.55.42 - - [28/Oct/2025:13:37:17 +0000] "GET / HTTP/2.0" 302 0 "-" "Blackbox Exporter/0.27.0" 48 0.004 [jupyterhub-proxy-public-http] [] 192.168.33.109:8000 0 0.005 302 b94464baa380e4f930518248e3088bdc
172.16.55.42 - - [28/Oct/2025:13:37:17 +0000] "GET /hub/ HTTP/2.0" 302 0 "https://172.16.55.150" "Blackbox Exporter/0.27.0" 70 0.002 [jupyterhub-proxy-public-http] [] 192.168.33.109:8000 0 0.002 302 d576f2e8f433a41298b667681a434b7e
172.16.55.42 - - [28/Oct/2025:13:37:17 +0000] "GET /hub/login?next=%2Fhub%2F HTTP/2.0" 302 0 "https://172.16.55.150/hub/" "Blackbox Exporter/0.27.0" 88 0.002 [jupyterhub-proxy-public-http] [] 192.168.33.109:8000 0 0.001 302 95c312ae628a0ce5b8085430d537132f
172.16.55.42 - - [28/Oct/2025:13:37:17 +0000] "GET /hub/oauth_login?next=%2Fhub%2F HTTP/2.0" 302 0 "https://172.16.55.150/hub/login?next=%2Fhub%2F" "Blackbox Exporter/0.27.0" 107 0.002 [jupyterhub-proxy-public-http] [] 192.168.33.109:8000 0 0.002 302 02d9623688bd7053d12e18a8bad57ace
172.16.55.42 - - [28/Oct/2025:13:37:17 +0000] "GET /realms/ki-awz/protocol/openid-connect/auth?response_type=code&redirect_uri=https%3A%2F%2Fjupyterhub.test.sa.uebung.de%2Fhub%2Foauth_callback&client_id=jupyterhub&code_challenge=36b34fOoWDxqm8BNINY-9evbedFQHpvcmH_7cU9ryUE&code_challenge_method=S256&state=eyJzdGF0ZV9pZCI6ICI5NWNiM2MyMTc2Mzg0NmQ2YTAyY2Y3OGE1MDJlMjE5OSJ9&scope=openid+profile+roles+groups HTTP/2.0" 200 7062 "https://172.16.55.150/hub/oauth_login?next=%2Fhub%2F" "Blackbox Exporter/0.27.0" 355 0.004 [keycloak-keycloak-service-https] [] 192.168.41.186:8443 7062 0.005 200 070f885bcb3fa096901a2a106139d696
172.16.55.42 - - [28/Oct/2025:13:37:22 +0000] "GET / HTTP/2.0" 200 7519 "-" "Blackbox Exporter/0.27.0" 44 0.002 [ai-1-lisa-open-webui-8080] [] 192.168.33.127:8080 7519 0.002 200 31fc42c3f835caceba9ba401992b049d
192.168.43.192 - - [28/Oct/2025:13:37:27 +0000] "GET /api/live/ws HTTP/1.1" 401 105 "-" "Mozilla/5.0 (Macintosh; Intel Mac OS X 10_15_7) AppleWebKit/537.36 (KHTML, like Gecko) Chrome/141.0.0.0 Safari/537.36" 748 0.001 [grafana-grafana-80] [] 192.168.33.75:3000 105 0.001 401 bbbe94bced8c1c6e3098db4410ed2885
172.16.55.42 - - [28/Oct/2025:13:37:27 +0000] "GET / HTTP/2.0" 302 0 "-" "Blackbox Exporter/0.27.0" 48 0.004 [jupyterhub-proxy-public-http] [] 192.168.33.109:8000 0 0.004 302 b6213edff883259fe49b0fee6059a4da
172.16.55.42 - - [28/Oct/2025:13:37:27 +0000] "GET /hub/ HTTP/2.0" 302 0 "https://172.16.55.150" "Blackbox Exporter/0.27.0" 70 0.001 [jupyterhub-proxy-public-http] [] 192.168.33.109:8000 0 0.002 302 d56b7115afdc0a903e20a3326be5ecbe
172.16.55.42 - - [28/Oct/2025:13:37:27 +0000] "GET /hub/login?next=%2Fhub%2F HTTP/2.0" 302 0 "https://172.16.55.150/hub/" "Blackbox Exporter/0.27.0" 88 0.001 [jupyterhub-proxy-public-http] [] 192.168.33.109:8000 0 0.001 302 2375dab7b7ab68bfe72f90dfe0ec0f5e
172.16.55.42 - - [28/Oct/2025:13:37:27 +0000] "GET /hub/oauth_login?next=%2Fhub%2F HTTP/2.0" 302 0 "https://172.16.55.150/hub/login?next=%2Fhub%2F" "Blackbox Exporter/0.27.0" 107 0.002 [jupyterhub-proxy-public-http] [] 192.168.33.109:8000 0 0.001 302 491cc91e1790b067ad3775f93f93abed
172.16.55.42 - - [28/Oct/2025:13:37:27 +0000] "GET /realms/ki-awz/protocol/openid-connect/auth?response_type=code&redirect_uri=https%3A%2F%2Fjupyterhub.test.sa.uebung.de%2Fhub%2Foauth_callback&client_id=jupyterhub&code_challenge=0_aYarF9GT8RnVqxqGOKvf-jLoN1bMu0gT-f-v_KZ_k&code_challenge_method=S256&state=eyJzdGF0ZV9pZCI6ICI1YWQ2ZDBjODY5NmM0MmU4OGI5ZDlkNDVjNWMzMmJmNSJ9&scope=openid+profile+roles+groups HTTP/2.0" 200 7062 "https://172.16.55.150/hub/oauth_login?next=%2Fhub%2F" "Blackbox Exporter/0.27.0" 357 0.005 [keycloak-keycloak-service-https] [] 192.168.41.186:8443 7062 0.004 200 c0dd4664530994429df28b3b85ddd749
172.16.55.42 - - [28/Oct/2025:13:37:32 +0000] "GET / HTTP/2.0" 200 7519 "-" "Blackbox Exporter/0.27.0" 44 0.002 [ai-1-lisa-open-webui-8080] [] 192.168.33.127:8080 7519 0.002 200 ba08c4c83a2dce695f8507566e3b50d1
192.168.43.192 - - [28/Oct/2025:13:37:33 +0000] "GET /api/live/ws HTTP/1.1" 401 105 "-" "Mozilla/5.0 (Macintosh; Intel Mac OS X 10_15_7) AppleWebKit/537.36 (KHTML, like Gecko) Chrome/141.0.0.0 Safari/537.36" 748 0.001 [grafana-grafana-80] [] 192.168.33.75:3000 105 0.001 401 b7205ceb475d478e905874c22b9b7da0
192.168.43.192 - - [28/Oct/2025:13:37:33 +0000] "GET /public/img/fav32.png HTTP/2.0" 304 0 "https://grafana.test.sa.uebung.de/dashboards" "Mozilla/5.0 (Macintosh; Intel Mac OS X 10_15_7) AppleWebKit/537.36 (KHTML, like Gecko) Chrome/141.0.0.0 Safari/537.36" 585 0.000 [grafana-grafana-80] [] 192.168.33.75:3000 0 0.001 304 e34ddb344ff894d7905d4a43c40d4199
192.168.43.192 - - [28/Oct/2025:13:37:33 +0000] "GET /api/folders/general?accesscontrol=true HTTP/2.0" 401 105 "https://grafana.test.sa.uebung.de/dashboards" "Mozilla/5.0 (Macintosh; Intel Mac OS X 10_15_7) AppleWebKit/537.36 (KHTML, like Gecko) Chrome/141.0.0.0 Safari/537.36" 51 0.001 [grafana-grafana-80] [] 192.168.33.75:3000 105 0.000 401 3f346f04bfab666ea844cb9b064dcc54
192.168.43.192 - - [28/Oct/2025:13:37:33 +0000] "GET /apis/provisioning.grafana.app/v0alpha1/namespaces/default/settings HTTP/2.0" 401 105 "https://grafana.test.sa.uebung.de/dashboards" "Mozilla/5.0 (Macintosh; Intel Mac OS X 10_15_7) AppleWebKit/537.36 (KHTML, like Gecko) Chrome/141.0.0.0 Safari/537.36" 622 0.001 [grafana-grafana-80] [] 192.168.33.75:3000 105 0.001 401 95a8dd112b7007afeb097fb204410df8
192.168.43.192 - - [28/Oct/2025:13:37:33 +0000] "GET /api/search/sorting HTTP/2.0" 401 105 "https://grafana.test.sa.uebung.de/dashboards" "Mozilla/5.0 (Macintosh; Intel Mac OS X 10_15_7) AppleWebKit/537.36 (KHTML, like Gecko) Chrome/141.0.0.0 Safari/537.36" 36 0.005 [grafana-grafana-80] [] 192.168.33.75:3000 105 0.004 401 1707a31b7cc87bcd53589b0c7e337f8b
192.168.43.192 - - [28/Oct/2025:13:37:33 +0000] "GET /api/folders?page=1&limit=50 HTTP/2.0" 401 105 "https://grafana.test.sa.uebung.de/dashboards" "Mozilla/5.0 (Macintosh; Intel Mac OS X 10_15_7) AppleWebKit/537.36 (KHTML, like Gecko) Chrome/141.0.0.0 Safari/537.36" 44 0.000 [grafana-grafana-80] [] 192.168.33.75:3000 105 0.001 401 ca6752b779f2710b2517b4a5e4e47ff0
192.168.43.192 - - [28/Oct/2025:13:37:33 +0000] "POST /api/user/auth-tokens/rotate HTTP/2.0" 200 2 "https://grafana.test.sa.uebung.de/dashboards" "Mozilla/5.0 (Macintosh; Intel Mac OS X 10_15_7) AppleWebKit/537.36 (KHTML, like Gecko) Chrome/141.0.0.0 Safari/537.36" 93 0.007 [grafana-grafana-80] [] 192.168.33.75:3000 2 0.008 200 814eb31428ed6b2331bfe290b98971a6
192.168.43.192 - - [28/Oct/2025:13:37:33 +0000] "GET /apis/provisioning.grafana.app/v0alpha1/namespaces/default/settings HTTP/2.0" 404 19 "https://grafana.test.sa.uebung.de/dashboards" "Mozilla/5.0 (Macintosh; Intel Mac OS X 10_15_7) AppleWebKit/537.36 (KHTML, like Gecko) Chrome/141.0.0.0 Safari/537.36" 70 0.036 [grafana-grafana-80] [] 192.168.33.75:3000 19 0.036 404 53997e816b4b6e9494cc3aaca0bdfeca
192.168.43.192 - - [28/Oct/2025:13:37:33 +0000] "GET /api/folders?page=1&limit=50 HTTP/2.0" 200 48 "https://grafana.test.sa.uebung.de/dashboards" "Mozilla/5.0 (Macintosh; Intel Mac OS X 10_15_7) AppleWebKit/537.36 (KHTML, like Gecko) Chrome/141.0.0.0 Safari/537.36" 44 0.045 [grafana-grafana-80] [] 192.168.33.75:3000 48 0.045 200 051d8802dba700a540f94a95a0fd92ba
192.168.43.192 - - [28/Oct/2025:13:37:33 +0000] "GET /api/search?limit=50&page=1&type=dash-db&folderUIDs=general HTTP/2.0" 200 1438 "https://grafana.test.sa.uebung.de/dashboards" "Mozilla/5.0 (Macintosh; Intel Mac OS X 10_15_7) AppleWebKit/537.36 (KHTML, like Gecko) Chrome/141.0.0.0 Safari/537.36" 67 0.004 [grafana-grafana-80] [] 192.168.33.75:3000 1438 0.004 200 ae5ed5edde1bd90826da51fe48c7cd2c
192.168.43.192 - - [28/Oct/2025:13:37:33 +0000] "GET /api/folders/general?accesscontrol=true HTTP/2.0" 200 991 "https://grafana.test.sa.uebung.de/dashboards" "Mozilla/5.0 (Macintosh; Intel Mac OS X 10_15_7) AppleWebKit/537.36 (KHTML, like Gecko) Chrome/141.0.0.0 Safari/537.36" 111 0.063 [grafana-grafana-80] [] 192.168.33.75:3000 991 0.063 200 6e30546e26170b89eb3a2826ff134bf5
192.168.43.192 - - [28/Oct/2025:13:37:33 +0000] "GET /apis/provisioning.grafana.app/v0alpha1/namespaces/default/settings HTTP/2.0" 404 19 "https://grafana.test.sa.uebung.de/dashboards" "Mozilla/5.0 (Macintosh; Intel Mac OS X 10_15_7) AppleWebKit/537.36 (KHTML, like Gecko) Chrome/141.0.0.0 Safari/537.36" 70 0.003 [grafana-grafana-80] [] 192.168.33.75:3000 19 0.002 404 11c35d537ac50e14b18a191639f86197
192.168.43.192 - - [28/Oct/2025:13:37:33 +0000] "GET /api/search/sorting HTTP/2.0" 200 291 "https://grafana.test.sa.uebung.de/dashboards" "Mozilla/5.0 (Macintosh; Intel Mac OS X 10_15_7) AppleWebKit/537.36 (KHTML, like Gecko) Chrome/141.0.0.0 Safari/537.36" 36 0.084 [grafana-grafana-80] [] 192.168.33.75:3000 291 0.083 200 29a1eefceb7dc8ebd57c551b48a3c625
172.16.55.42 - - [28/Oct/2025:13:37:37 +0000] "GET / HTTP/2.0" 302 0 "-" "Blackbox Exporter/0.27.0" 48 0.004 [jupyterhub-proxy-public-http] [] 192.168.33.109:8000 0 0.004 302 e0f48368ec5c3acc90c32baac176afdd
172.16.55.42 - - [28/Oct/2025:13:37:37 +0000] "GET /hub/ HTTP/2.0" 302 0 "https://172.16.55.150" "Blackbox Exporter/0.27.0" 70 0.001 [jupyterhub-proxy-public-http] [] 192.168.33.109:8000 0 0.001 302 b023e399ee8c5dc3006586c1d5562c01
172.16.55.42 - - [28/Oct/2025:13:37:37 +0000] "GET /hub/login?next=%2Fhub%2F HTTP/2.0" 302 0 "https://172.16.55.150/hub/" "Blackbox Exporter/0.27.0" 88 0.001 [jupyterhub-proxy-public-http] [] 192.168.33.109:8000 0 0.002 302 13444779677931553f30f50171ae9e3d
172.16.55.42 - - [28/Oct/2025:13:37:37 +0000] "GET /hub/oauth_login?next=%2Fhub%2F HTTP/2.0" 302 0 "https://172.16.55.150/hub/login?next=%2Fhub%2F" "Blackbox Exporter/0.27.0" 107 0.001 [jupyterhub-proxy-public-http] [] 192.168.33.109:8000 0 0.002 302 cb4f346e69b3c81597673d991c7161ba
172.16.55.42 - - [28/Oct/2025:13:37:37 +0000] "GET /realms/ki-awz/protocol/openid-connect/auth?response_type=code&redirect_uri=https%3A%2F%2Fjupyterhub.test.sa.uebung.de%2Fhub%2Foauth_callback&client_id=jupyterhub&code_challenge=t9EtzKoXzEUtgV3oBnaWIx2yMvoayTng8kQ_WpKSJug&code_challenge_method=S256&state=eyJzdGF0ZV9pZCI6ICJiMzdjZTlkNTViZTI0ZDE0Yjg1ZmQ3ZmE1Mzk1YWEwMCJ9&scope=openid+profile+roles+groups HTTP/2.0" 200 7062 "https://172.16.55.150/hub/oauth_login?next=%2Fhub%2F" "Blackbox Exporter/0.27.0" 356 0.005 [keycloak-keycloak-service-https] [] 192.168.41.186:8443 7062 0.005 200 4bc861ddef6ff969aec882c1cf346274
172.16.55.42 - - [28/Oct/2025:13:37:42 +0000] "GET / HTTP/2.0" 200 7519 "-" "Blackbox Exporter/0.27.0" 44 0.002 [ai-1-lisa-open-webui-8080] [] 192.168.33.127:8080 7519 0.003 200 dffe1bb9fc5c02e2db21285b3ae3cc1a
192.168.43.192 - - [28/Oct/2025:13:37:43 +0000] "GET /api/frontend/assets HTTP/2.0" 200 307 "https://grafana.test.sa.uebung.de/d/d58a6f14-5d57-4cd8-bb94-a268f150f345/jupyterhub-overview" "Mozilla/5.0 (Macintosh; Intel Mac OS X 10_15_7) AppleWebKit/537.36 (KHTML, like Gecko) Chrome/141.0.0.0 Safari/537.36" 624 0.003 [grafana-grafana-80] [] 192.168.33.75:3000 307 0.003 200 e4b63118b74fbeac3c049f9824810ca5
