172.16.55.42 - - [28/Oct/2025:13:20:57 +0000] "GET /hub/login?next=%2Fhub%2F HTTP/2.0" 302 0 "https://172.16.55.150/hub/" "Blackbox Exporter/0.27.0" 88 0.001 [jupyterhub-proxy-public-http] [] 192.168.33.109:8000 0 0.001 302 31c7cf854c30b3076021a79c30792be7
172.16.55.42 - - [28/Oct/2025:13:20:57 +0000] "GET /hub/oauth_login?next=%2Fhub%2F HTTP/2.0" 302 0 "https://172.16.55.150/hub/login?next=%2Fhub%2F" "Blackbox Exporter/0.27.0" 107 0.001 [jupyterhub-proxy-public-http] [] 192.168.33.109:8000 0 0.002 302 937d960a36550e352bbc42dc492f72e2
172.16.55.42 - - [28/Oct/2025:13:20:57 +0000] "GET /realms/ki-awz/protocol/openid-connect/auth?response_type=code&redirect_uri=https%3A%2F%2Fjupyterhub.test.sa.uebung.de%2Fhub%2Foauth_callback&client_id=jupyterhub&code_challenge=ODlnYN7gtai9trI78ldNUm39tkPkxcpBfqmSrEK3XyA&code_challenge_method=S256&state=eyJzdGF0ZV9pZCI6ICIwZmRjYTI1NTBmYTA0MzUyOTk4MDc4MGQ5MGRhZGUxYyJ9&scope=openid+profile+roles+groups HTTP/2.0" 200 7062 "https://172.16.55.150/hub/oauth_login?next=%2Fhub%2F" "Blackbox Exporter/0.27.0" 356 0.004 [keycloak-keycloak-service-https] [] 192.168.41.186:8443 7062 0.005 200 5c19bdf7148d9d97a392dfe9afd9e28a
192.168.43.192 - - [28/Oct/2025:13:21:00 +0000] "GET /api/live/ws HTTP/1.1" 401 105 "-" "Mozilla/5.0 (Macintosh; Intel Mac OS X 10_15_7) AppleWebKit/537.36 (KHTML, like Gecko) Chrome/141.0.0.0 Safari/537.36" 748 0.001 [grafana-grafana-80] [] 192.168.33.75:3000 105 0.000 401 c4a0cf85dd98924fef68ae23f086755f
172.16.55.42 - - [28/Oct/2025:13:21:02 +0000] "GET / HTTP/2.0" 200 7519 "-" "Blackbox Exporter/0.27.0" 44 0.002 [ai-1-lisa-open-webui-8080] [] 192.168.33.127:8080 7519 0.002 200 963f75f01c89d388cc95e72138b9fe42
172.16.55.42 - - [28/Oct/2025:13:21:07 +0000] "GET / HTTP/2.0" 302 0 "-" "Blackbox Exporter/0.27.0" 48 0.003 [jupyterhub-proxy-public-http] [] 192.168.33.109:8000 0 0.004 302 130551df9fcf10b9d964151947828fcb
172.16.55.42 - - [28/Oct/2025:13:21:07 +0000] "GET /hub/ HTTP/2.0" 302 0 "https://172.16.55.150" "Blackbox Exporter/0.27.0" 70 0.001 [jupyterhub-proxy-public-http] [] 192.168.33.109:8000 0 0.001 302 50743d24860b9a334c5997a230275c02
172.16.55.42 - - [28/Oct/2025:13:21:07 +0000] "GET /hub/login?next=%2Fhub%2F HTTP/2.0" 302 0 "https://172.16.55.150/hub/" "Blackbox Exporter/0.27.0" 88 0.001 [jupyterhub-proxy-public-http] [] 192.168.33.109:8000 0 0.001 302 aa543eea58acb52a8c8b2b178f43f311
172.16.55.42 - - [28/Oct/2025:13:21:07 +0000] "GET /hub/oauth_login?next=%2Fhub%2F HTTP/2.0" 302 0 "https://172.16.55.150/hub/login?next=%2Fhub%2F" "Blackbox Exporter/0.27.0" 107 0.002 [jupyterhub-proxy-public-http] [] 192.168.33.109:8000 0 0.002 302 c5e30f88f3b1b25f872397b6ec428a28
172.16.55.42 - - [28/Oct/2025:13:21:07 +0000] "GET /realms/ki-awz/protocol/openid-connect/auth?response_type=code&redirect_uri=https%3A%2F%2Fjupyterhub.test.sa.uebung.de%2Fhub%2Foauth_callback&client_id=jupyterhub&code_challenge=tmj1TDrUfCwiXH1d3Iy0WbF4gVidS1xdN3o3IiZxUx4&code_challenge_method=S256&state=eyJzdGF0ZV9pZCI6ICJkMDhlYWIwZjFjOWE0NmJkOWY4ZGE3ZGVhYmFjNmVmNiJ9&scope=openid+profile+roles+groups HTTP/2.0" 200 7062 "https://172.16.55.150/hub/oauth_login?next=%2Fhub%2F" "Blackbox Exporter/0.27.0" 357 0.005 [keycloak-keycloak-service-https] [] 192.168.41.186:8443 7062 0.004 200 50855e7639b8d485af540ffa4c04a22c
172.16.55.42 - - [28/Oct/2025:13:21:12 +0000] "GET / HTTP/2.0" 200 7519 "-" "Blackbox Exporter/0.27.0" 44 0.002 [ai-1-lisa-open-webui-8080] [] 192.168.33.127:8080 7519 0.002 200 7c0912c8e05aa7f67811cfbaf9fe8758
192.168.43.192 - - [28/Oct/2025:13:21:14 +0000] "GET /api/live/ws HTTP/1.1" 401 105 "-" "Mozilla/5.0 (Macintosh; Intel Mac OS X 10_15_7) AppleWebKit/537.36 (KHTML, like Gecko) Chrome/141.0.0.0 Safari/537.36" 748 0.001 [grafana-grafana-80] [] 192.168.33.75:3000 105 0.000 401 bd9fc9284f75e93adb31f61c4c2e8010
172.16.55.42 - - [28/Oct/2025:13:21:17 +0000] "GET / HTTP/2.0" 302 0 "-" "Blackbox Exporter/0.27.0" 48 0.005 [jupyterhub-proxy-public-http] [] 192.168.33.109:8000 0 0.004 302 90775f8010237a24dc9342d239160fa8
172.16.55.42 - - [28/Oct/2025:13:21:17 +0000] "GET /hub/ HTTP/2.0" 302 0 "https://172.16.55.150" "Blackbox Exporter/0.27.0" 70 0.001 [jupyterhub-proxy-public-http] [] 192.168.33.109:8000 0 0.002 302 0b3bcd02555c2ab205908dceebbebe6e
172.16.55.42 - - [28/Oct/2025:13:21:17 +0000] "GET /hub/login?next=%2Fhub%2F HTTP/2.0" 302 0 "https://172.16.55.150/hub/" "Blackbox Exporter/0.27.0" 88 0.002 [jupyterhub-proxy-public-http] [] 192.168.33.109:8000 0 0.001 302 25cd109757de47bdcd9d4132f39d9472
172.16.55.42 - - [28/Oct/2025:13:21:17 +0000] "GET /hub/oauth_login?next=%2Fhub%2F HTTP/2.0" 302 0 "https://172.16.55.150/hub/login?next=%2Fhub%2F" "Blackbox Exporter/0.27.0" 107 0.002 [jupyterhub-proxy-public-http] [] 192.168.33.109:8000 0 0.002 302 3df3ef1d8c6bafad69a0762a7989ade3
172.16.55.42 - - [28/Oct/2025:13:21:17 +0000] "GET /realms/ki-awz/protocol/openid-connect/auth?response_type=code&redirect_uri=https%3A%2F%2Fjupyterhub.test.sa.uebung.de%2Fhub%2Foauth_callback&client_id=jupyterhub&code_challenge=5Jyz661MojRxIX309Pn7B6WJnhEYijEO-FgTaPT-Fdc&code_challenge_method=S256&state=eyJzdGF0ZV9pZCI6ICIwNzE1ZDM1ZDM4NDU0NDE4ODlkODFmNWYwZGE3NTExZiJ9&scope=openid+profile+roles+groups HTTP/2.0" 200 7062 "https://172.16.55.150/hub/oauth_login?next=%2Fhub%2F" "Blackbox Exporter/0.27.0" 357 0.002 [keycloak-keycloak-service-https] [] 192.168.41.186:8443 7062 0.003 200 cac5ac8c47e424b09a4bf1133c5e136d
192.168.43.192 - - [28/Oct/2025:13:21:21 +0000] "GET /api/live/ws HTTP/1.1" 401 105 "-" "Mozilla/5.0 (Macintosh; Intel Mac OS X 10_15_7) AppleWebKit/537.36 (KHTML, like Gecko) Chrome/141.0.0.0 Safari/537.36" 748 0.001 [grafana-grafana-80] [] 192.168.33.75:3000 105 0.001 401 d9488abb90fb5c870b6e5d20b09eb000
172.16.55.42 - - [28/Oct/2025:13:21:22 +0000] "GET / HTTP/2.0" 200 7519 "-" "Blackbox Exporter/0.27.0" 44 0.002 [ai-1-lisa-open-webui-8080] [] 192.168.33.127:8080 7519 0.002 200 442a51c9a8349672180a4f322ab75c5a
172.16.55.42 - - [28/Oct/2025:13:21:27 +0000] "GET / HTTP/2.0" 302 0 "-" "Blackbox Exporter/0.27.0" 48 0.003 [jupyterhub-proxy-public-http] [] 192.168.33.109:8000 0 0.003 302 08cf8c93ff9c0afa562095c0ebfed82c
172.16.55.42 - - [28/Oct/2025:13:21:27 +0000] "GET /hub/ HTTP/2.0" 302 0 "https://172.16.55.150" "Blackbox Exporter/0.27.0" 70 0.002 [jupyterhub-proxy-public-http] [] 192.168.33.109:8000 0 0.002 302 71a00e11a5d723675fb7e6666e08d7e9
172.16.55.42 - - [28/Oct/2025:13:21:27 +0000] "GET /hub/login?next=%2Fhub%2F HTTP/2.0" 302 0 "https://172.16.55.150/hub/" "Blackbox Exporter/0.27.0" 88 0.002 [jupyterhub-proxy-public-http] [] 192.168.33.109:8000 0 0.001 302 b645ee6a077cb8e64f232529ed5f8e19
172.16.55.42 - - [28/Oct/2025:13:21:27 +0000] "GET /hub/oauth_login?next=%2Fhub%2F HTTP/2.0" 302 0 "https://172.16.55.150/hub/login?next=%2Fhub%2F" "Blackbox Exporter/0.27.0" 107 0.003 [jupyterhub-proxy-public-http] [] 192.168.33.109:8000 0 0.002 302 7580ea1e0fae8f1776a38121dd152907
172.16.55.42 - - [28/Oct/2025:13:21:27 +0000] "GET /realms/ki-awz/protocol/openid-connect/auth?response_type=code&redirect_uri=https%3A%2F%2Fjupyterhub.test.sa.uebung.de%2Fhub%2Foauth_callback&client_id=jupyterhub&code_challenge=5FjTnPGP84VAVdw_37an_G0F1q_ejUN4iPD-JhOVzsg&code_challenge_method=S256&state=eyJzdGF0ZV9pZCI6ICI4MWFhM2IyNjJhMGY0ZmM1ODE0ZGUxMDQ1NzZhMTAxMyJ9&scope=openid+profile+roles+groups HTTP/2.0" 200 7062 "https://172.16.55.150/hub/oauth_login?next=%2Fhub%2F" "Blackbox Exporter/0.27.0" 356 0.005 [keycloak-keycloak-service-https] [] 192.168.41.186:8443 7062 0.004 200 e1446b129e3377094a8d8cf6b45d4880
192.168.43.192 - - [28/Oct/2025:13:21:31 +0000] "GET /api/live/ws HTTP/1.1" 401 105 "-" "Mozilla/5.0 (Macintosh; Intel Mac OS X 10_15_7) AppleWebKit/537.36 (KHTML, like Gecko) Chrome/141.0.0.0 Safari/537.36" 748 0.001 [grafana-grafana-80] [] 192.168.33.75:3000 105 0.001 401 0cbcc6d7f2276f9d7df098376b3aa71b
172.16.55.42 - - [28/Oct/2025:13:21:32 +0000] "GET / HTTP/2.0" 200 7519 "-" "Blackbox Exporter/0.27.0" 44 0.002 [ai-1-lisa-open-webui-8080] [] 192.168.33.127:8080 7519 0.002 200 d3b7fcc84e939cf39efaed0fda3a6c2d
172.16.55.42 - - [28/Oct/2025:13:21:37 +0000] "GET / HTTP/2.0" 302 0 "-" "Blackbox Exporter/0.27.0" 48 0.004 [jupyterhub-proxy-public-http] [] 192.168.33.109:8000 0 0.003 302 1ad58b914b257a7d9ca4075b35721a7d
172.16.55.42 - - [28/Oct/2025:13:21:37 +0000] "GET /hub/ HTTP/2.0" 302 0 "https://172.16.55.150" "Blackbox Exporter/0.27.0" 70 0.002 [jupyterhub-proxy-public-http] [] 192.168.33.109:8000 0 0.002 302 c13a5ea5e9f0d2151f0862f5149a75fa
172.16.55.42 - - [28/Oct/2025:13:21:37 +0000] "GET /hub/login?next=%2Fhub%2F HTTP/2.0" 302 0 "https://172.16.55.150/hub/" "Blackbox Exporter/0.27.0" 88 0.001 [jupyterhub-proxy-public-http] [] 192.168.33.109:8000 0 0.002 302 379cb6080f3ee1f7b2b6774d29c380a0
172.16.55.42 - - [28/Oct/2025:13:21:37 +0000] "GET /hub/oauth_login?next=%2Fhub%2F HTTP/2.0" 302 0 "https://172.16.55.150/hub/login?next=%2Fhub%2F" "Blackbox Exporter/0.27.0" 107 0.001 [jupyterhub-proxy-public-http] [] 192.168.33.109:8000 0 0.002 302 aaa8af0e4a1e77f486655c8d713cc343
172.16.55.42 - - [28/Oct/2025:13:21:37 +0000] "GET /realms/ki-awz/protocol/openid-connect/auth?response_type=code&redirect_uri=https%3A%2F%2Fjupyterhub.test.sa.uebung.de%2Fhub%2Foauth_callback&client_id=jupyterhub&code_challenge=ivl22LLD7-zc1m32IGpZF-wAxK1wM6Wauz8wGojMrDM&code_challenge_method=S256&state=eyJzdGF0ZV9pZCI6ICJlMjQwOTNhNjQwOGI0YWRhYWE1ODQ2M2IwNTIwYWM2MyJ9&scope=openid+profile+roles+groups HTTP/2.0" 200 7062 "https://172.16.55.150/hub/oauth_login?next=%2Fhub%2F" "Blackbox Exporter/0.27.0" 356 0.004 [keycloak-keycloak-service-https] [] 192.168.41.186:8443 7062 0.005 200 981c315fdb600f857ed576e0e82b5bf6
172.16.55.42 - - [28/Oct/2025:13:21:42 +0000] "GET / HTTP/2.0" 200 7519 "-" "Blackbox Exporter/0.27.0" 44 0.003 [ai-1-lisa-open-webui-8080] [] 192.168.33.127:8080 7519 0.002 200 3127c476b633c20d330cfad4874efcf7
192.168.43.192 - - [28/Oct/2025:13:21:45 +0000] "GET /api/live/ws HTTP/1.1" 401 105 "-" "Mozilla/5.0 (Macintosh; Intel Mac OS X 10_15_7) AppleWebKit/537.36 (KHTML, like Gecko) Chrome/141.0.0.0 Safari/537.36" 748 0.001 [grafana-grafana-80] [] 192.168.33.75:3000 105 0.001 401 e4d92969f677b77c99408f5f48c1726b
172.16.55.42 - - [28/Oct/2025:13:21:47 +0000] "GET / HTTP/2.0" 302 0 "-" "Blackbox Exporter/0.27.0" 48 0.003 [jupyterhub-proxy-public-http] [] 192.168.33.109:8000 0 0.003 302 d93c03058b7988f6e931b069b00bc346
172.16.55.42 - - [28/Oct/2025:13:21:47 +0000] "GET /hub/ HTTP/2.0" 302 0 "https://172.16.55.150" "Blackbox Exporter/0.27.0" 70 0.001 [jupyterhub-proxy-public-http] [] 192.168.33.109:8000 0 0.001 302 39713076643253f999a24318e5e42f84
172.16.55.42 - - [28/Oct/2025:13:21:47 +0000] "GET /hub/login?next=%2Fhub%2F HTTP/2.0" 302 0 "https://172.16.55.150/hub/" "Blackbox Exporter/0.27.0" 88 0.002 [jupyterhub-proxy-public-http] [] 192.168.33.109:8000 0 0.001 302 f3085f1c4cf9ec6571e10db74f8ea9b3
172.16.55.42 - - [28/Oct/2025:13:21:47 +0000] "GET /hub/oauth_login?next=%2Fhub%2F HTTP/2.0" 302 0 "https://172.16.55.150/hub/login?next=%2Fhub%2F" "Blackbox Exporter/0.27.0" 107 0.001 [jupyterhub-proxy-public-http] [] 192.168.33.109:8000 0 0.002 302 b7bede0980f4a6eaa720e05205eaad49
172.16.55.42 - - [28/Oct/2025:13:21:47 +0000] "GET /realms/ki-awz/protocol/openid-connect/auth?response_type=code&redirect_uri=https%3A%2F%2Fjupyterhub.test.sa.uebung.de%2Fhub%2Foauth_callback&client_id=jupyterhub&code_challenge=0ijcgenQ3w7JX2Cn7HWx7xLiO_Wa1mQ2YPZLuX8vfMQ&code_challenge_method=S256&state=eyJzdGF0ZV9pZCI6ICI5MDY5OGQzYjE5MjQ0Yzg0YTI4Zjk4ZWI2ZDAxMmI3ZiJ9&scope=openid+profile+roles+groups HTTP/2.0" 200 7062 "https://172.16.55.150/hub/oauth_login?next=%2Fhub%2F" "Blackbox Exporter/0.27.0" 357 0.005 [keycloak-keycloak-service-https] [] 192.168.41.186:8443 7062 0.005 200 ab5f5a20b4a033e7aa2df7ebd2682e74
172.16.55.42 - - [28/Oct/2025:13:21:52 +0000] "GET / HTTP/2.0" 200 7519 "-" "Blackbox Exporter/0.27.0" 44 0.002 [ai-1-lisa-open-webui-8080] [] 192.168.33.127:8080 7519 0.002 200 e6f29032f25585dadbaf55b3a219ab49
172.16.55.42 - - [28/Oct/2025:13:21:57 +0000] "GET / HTTP/2.0" 302 0 "-" "Blackbox Exporter/0.27.0" 48 0.003 [jupyterhub-proxy-public-http] [] 192.168.33.109:8000 0 0.003 302 e913a7ad4406a6cbd51f1ba47ce116cb
172.16.55.42 - - [28/Oct/2025:13:21:57 +0000] "GET /hub/ HTTP/2.0" 302 0 "https://172.16.55.150" "Blackbox Exporter/0.27.0" 70 0.002 [jupyterhub-proxy-public-http] [] 192.168.33.109:8000 0 0.003 302 50459e57d8148ca7aff20abc3fdf9e84
172.16.55.42 - - [28/Oct/2025:13:21:57 +0000] "GET /hub/login?next=%2Fhub%2F HTTP/2.0" 302 0 "https://172.16.55.150/hub/" "Blackbox Exporter/0.27.0" 88 0.001 [jupyterhub-proxy-public-http] [] 192.168.33.109:8000 0 0.002 302 b1b94ee09940d1d80a2c727c0d88d925
172.16.55.42 - - [28/Oct/2025:13:21:57 +0000] "GET /hub/oauth_login?next=%2Fhub%2F HTTP/2.0" 302 0 "https://172.16.55.150/hub/login?next=%2Fhub%2F" "Blackbox Exporter/0.27.0" 107 0.002 [jupyterhub-proxy-public-http] [] 192.168.33.109:8000 0 0.002 302 22fd2d3806dd1e0543c809a0fb37442b
172.16.55.42 - - [28/Oct/2025:13:21:57 +0000] "GET /realms/ki-awz/protocol/openid-connect/auth?response_type=code&redirect_uri=https%3A%2F%2Fjupyterhub.test.sa.uebung.de%2Fhub%2Foauth_callback&client_id=jupyterhub&code_challenge=S0OgOx0b68-XGsCG4lQTV1LkqtloXDJznS-rTJOH_Uo&code_challenge_method=S256&state=eyJzdGF0ZV9pZCI6ICI4NTkyOTIyNmFhYTI0YTU5ODhmYTk2ZWQ5NzU2OTc4NyJ9&scope=openid+profile+roles+groups HTTP/2.0" 200 7062 "https://172.16.55.150/hub/oauth_login?next=%2Fhub%2F" "Blackbox Exporter/0.27.0" 357 0.003 [keycloak-keycloak-service-https] [] 192.168.41.186:8443 7062 0.002 200 730835b2946a053dd29e1bbe7689f157
192.168.43.192 - - [28/Oct/2025:13:22:00 +0000] "GET /api/live/ws HTTP/1.1" 401 105 "-" "Mozilla/5.0 (Macintosh; Intel Mac OS X 10_15_7) AppleWebKit/537.36 (KHTML, like Gecko) Chrome/141.0.0.0 Safari/537.36" 748 0.001 [grafana-grafana-80] [] 192.168.33.75:3000 105 0.001 401 fef37a8c0c024432d69d0e3e6e5dc927
192.168.43.192 - - [28/Oct/2025:13:22:01 +0000] "POST /api/ds/query?ds_type=loki&requestId=SQR204_2 HTTP/2.0" 401 105 "https://grafana.test.sa.uebung.de/d/157a07a6-2ef8-4431-aca1-fdc65792d12a/loki?orgId=1&from=now-2d&to=now&timezone=browser&var-Filters=&var-query0=&var-Kube=%22fluent-bit-88pjk%22&var-node=%22fluent-bit-6f2ph%22&editIndex=1" "Mozilla/5.0 (Macintosh; Intel Mac OS X 10.15; rv:144.0) Gecko/20100101 Firefox/144.0" 1149 0.015 [grafana-grafana-80] [] 192.168.33.75:3000 105 0.016 401 c154db587ddc3ebd4faa572cf5e7498c
192.168.43.192 - - [28/Oct/2025:13:22:01 +0000] "POST /api/ds/query?ds_type=loki&requestId=SQR205_2 HTTP/2.0" 401 105 "https://grafana.test.sa.uebung.de/d/157a07a6-2ef8-4431-aca1-fdc65792d12a/loki?orgId=1&from=now-2d&to=now&timezone=browser&var-Filters=&var-query0=&var-Kube=%22fluent-bit-88pjk%22&var-node=%22fluent-bit-6f2ph%22&editIndex=1" "Mozilla/5.0 (Macintosh; Intel Mac OS X 10.15; rv:144.0) Gecko/20100101 Firefox/144.0" 432 0.017 [grafana-grafana-80] [] 192.168.33.75:3000 105 0.017 401 a6c0146c2bb1bd65fe62143a1374831c
192.168.43.192 - - [28/Oct/2025:13:22:01 +0000] "POST /api/ds/query?ds_type=loki&requestId=SQR206_2 HTTP/2.0" 401 105 "https://grafana.test.sa.uebung.de/d/157a07a6-2ef8-4431-aca1-fdc65792d12a/loki?orgId=1&from=now-2d&to=now&timezone=browser&var-Filters=&var-query0=&var-Kube=%22fluent-bit-88pjk%22&var-node=%22fluent-bit-6f2ph%22&editIndex=1" "Mozilla/5.0 (Macintosh; Intel Mac OS X 10.15; rv:144.0) Gecko/20100101 Firefox/144.0" 425 0.017 [grafana-grafana-80] [] 192.168.33.75:3000 105 0.017 401 a82007197eb1513dbf7baaf9e120f555
192.168.43.192 - - [28/Oct/2025:13:22:01 +0000] "POST /api/ds/query?ds_type=loki&requestId=SQR207_2 HTTP/2.0" 401 105 "https://grafana.test.sa.uebung.de/d/157a07a6-2ef8-4431-aca1-fdc65792d12a/loki?orgId=1&from=now-2d&to=now&timezone=browser&var-Filters=&var-query0=&var-Kube=%22fluent-bit-88pjk%22&var-node=%22fluent-bit-6f2ph%22&editIndex=1" "Mozilla/5.0 (Macintosh; Intel Mac OS X 10.15; rv:144.0) Gecko/20100101 Firefox/144.0" 534 0.025 [grafana-grafana-80] [] 192.168.33.75:3000 105 0.025 401 10611564c0638a0274dd543ba83ac1fa
192.168.43.192 - - [28/Oct/2025:13:22:01 +0000] "POST /api/ds/query?ds_type=loki&requestId=SQR208_2 HTTP/2.0" 401 105 "https://grafana.test.sa.uebung.de/d/157a07a6-2ef8-4431-aca1-fdc65792d12a/loki?orgId=1&from=now-2d&to=now&timezone=browser&var-Filters=&var-query0=&var-Kube=%22fluent-bit-88pjk%22&var-node=%22fluent-bit-6f2ph%22&editIndex=1" "Mozilla/5.0 (Macintosh; Intel Mac OS X 10.15; rv:144.0) Gecko/20100101 Firefox/144.0" 542 0.025 [grafana-grafana-80] [] 192.168.33.75:3000 105 0.025 401 0cd6e66e4e1e283fddd9050ba6659e88
192.168.43.192 - - [28/Oct/2025:13:22:01 +0000] "GET /api/datasources/uid/loki/resources/labels?start=1761483890630000000&end=1761656690630000000 HTTP/2.0" 401 105 "https://grafana.test.sa.uebung.de/d/157a07a6-2ef8-4431-aca1-fdc65792d12a/loki?orgId=1&from=now-2d&to=now&timezone=browser&var-Filters=&var-query0=&var-Kube=%22fluent-bit-88pjk%22&var-node=%22fluent-bit-6f2ph%22&editIndex=1" "Mozilla/5.0 (Macintosh; Intel Mac OS X 10.15; rv:144.0) Gecko/20100101 Firefox/144.0" 92 0.000 [grafana-grafana-80] [] 192.168.33.75:3000 105 0.001 401 62144a627ba4bb71c57c4c429946547a
192.168.43.192 - - [28/Oct/2025:13:22:01 +0000] "POST /api/user/auth-tokens/rotate HTTP/2.0" 200 2 "https://grafana.test.sa.uebung.de/d/157a07a6-2ef8-4431-aca1-fdc65792d12a/loki?orgId=1&from=now-2d&to=now&timezone=browser&var-Filters=&var-query0=&var-Kube=%22fluent-bit-88pjk%22&var-node=%22fluent-bit-6f2ph%22&editIndex=1" "Mozilla/5.0 (Macintosh; Intel Mac OS X 10.15; rv:144.0) Gecko/20100101 Firefox/144.0" 47 0.022 [grafana-grafana-80] [] 192.168.33.75:3000 2 0.021 200 ae0372c91ab48fa1a245a4a7f577b53e
172.16.55.42 - grafana [28/Oct/2025:13:22:01 +0000] "POST /realms/ki-awz/protocol/openid-connect/token HTTP/1.1" 200 4008 "-" "Go-http-client/1.1" 1047 0.044 [keycloak-keycloak-service-https] [] 192.168.41.186:8443 4008 0.045 200 75debb2ef35467cd6a0057501c0cb9ce
192.168.43.192 - - [28/Oct/2025:13:22:01 +0000] "GET /api/datasources/uid/loki/resources/labels?start=1761483890630000000&end=1761656690630000000 HTTP/2.0" 200 884 "https://grafana.test.sa.uebung.de/d/157a07a6-2ef8-4431-aca1-fdc65792d12a/loki?orgId=1&from=now-2d&to=now&timezone=browser&var-Filters=&var-query0=&var-Kube=%22fluent-bit-88pjk%22&var-node=%22fluent-bit-6f2ph%22&editIndex=1" "Mozilla/5.0 (Macintosh; Intel Mac OS X 10.15; rv:144.0) Gecko/20100101 Firefox/144.0" 87 0.179 [grafana-grafana-80] [] 192.168.33.75:3000 896 0.179 200 7898b98144b64ef4b6873966dcdc3873
172.16.55.42 - - [28/Oct/2025:13:22:02 +0000] "GET / HTTP/2.0" 200 7519 "-" "Blackbox Exporter/0.27.0" 44 0.003 [ai-1-lisa-open-webui-8080] [] 192.168.33.127:8080 7519 0.002 200 4eb1352d375c0187b8c7a211b15ff116
192.168.43.192 - - [28/Oct/2025:13:22:02 +0000] "POST /api/ds/query?ds_type=loki&requestId=SQR205_2 HTTP/2.0" 200 543043 "https://grafana.test.sa.uebung.de/d/157a07a6-2ef8-4431-aca1-fdc65792d12a/loki?orgId=1&from=now-2d&to=now&timezone=browser&var-Filters=&var-query0=&var-Kube=%22fluent-bit-88pjk%22&var-node=%22fluent-bit-6f2ph%22&editIndex=1" "Mozilla/5.0 (Macintosh; Intel Mac OS X 10.15; rv:144.0) Gecko/20100101 Firefox/144.0" 396 0.454 [grafana-grafana-80] [] 192.168.33.75:3000 543064 0.455 200 7c08ed03c117595b2d1c2ae595f3c6d5
192.168.43.192 - - [28/Oct/2025:13:22:02 +0000] "POST /api/ds/query?ds_type=loki&requestId=SQR206_2 HTTP/2.0" 200 1635 "https://grafana.test.sa.uebung.de/d/157a07a6-2ef8-4431-aca1-fdc65792d12a/loki?orgId=1&from=now-2d&to=now&timezone=browser&var-Filters=&var-query0=&var-Kube=%22fluent-bit-88pjk%22&var-node=%22fluent-bit-6f2ph%22&editIndex=1" "Mozilla/5.0 (Macintosh; Intel Mac OS X 10.15; rv:144.0) Gecko/20100101 Firefox/144.0" 388 0.460 [grafana-grafana-80] [] 192.168.33.75:3000 1635 0.460 200 df27a99e2cdaa900b7a54f01c00deeb7
192.168.43.192 - - [28/Oct/2025:13:22:02 +0000] "POST /api/ds/query?ds_type=loki&requestId=SQR204_2 HTTP/2.0" 200 689366 "https://grafana.test.sa.uebung.de/d/157a07a6-2ef8-4431-aca1-fdc65792d12a/loki?orgId=1&from=now-2d&to=now&timezone=browser&var-Filters=&var-query0=&var-Kube=%22fluent-bit-88pjk%22&var-node=%22fluent-bit-6f2ph%22&editIndex=1" "Mozilla/5.0 (Macintosh; Intel Mac OS X 10.15; rv:144.0) Gecko/20100101 Firefox/144.0" 516 0.466 [grafana-grafana-80] [] 192.168.33.75:3000 689387 0.466 200 a37697f4c249f1a587bdf46c887f16c1
192.168.43.192 - - [28/Oct/2025:13:22:02 +0000] "POST /api/ds/query?ds_type=loki&requestId=SQR208_2 HTTP/2.0" 200 852937 "https://grafana.test.sa.uebung.de/d/157a07a6-2ef8-4431-aca1-fdc65792d12a/loki?orgId=1&from=now-2d&to=now&timezone=browser&var-Filters=&var-query0=&var-Kube=%22fluent-bit-88pjk%22&var-node=%22fluent-bit-6f2ph%22&editIndex=1" "Mozilla/5.0 (Macintosh; Intel Mac OS X 10.15; rv:144.0) Gecko/20100101 Firefox/144.0" 505 0.474 [grafana-grafana-80] [] 192.168.33.75:3000 852958 0.474 200 53ace63d37bce54b3bdd4f582779d428
192.168.43.192 - - [28/Oct/2025:13:22:02 +0000] "POST /api/ds/query?ds_type=loki&requestId=SQR209_2 HTTP/2.0" 200 9559 "https://grafana.test.sa.uebung.de/d/157a07a6-2ef8-4431-aca1-fdc65792d12a/loki?orgId=1&from=now-2d&to=now&timezone=browser&var-Filters=&var-query0=&var-Kube=%22fluent-bit-88pjk%22&var-node=%22fluent-bit-6f2ph%22&editIndex=1" "Mozilla/5.0 (Macintosh; Intel Mac OS X 10.15; rv:144.0) Gecko/20100101 Firefox/144.0" 465 0.032 [grafana-grafana-80] [] 192.168.33.75:3000 9579 0.032 200 5cf93e9ed1f0f595a07692fe184051c6
192.168.43.192 - - [28/Oct/2025:13:22:02 +0000] "POST /api/ds/query?ds_type=loki&requestId=SQR207_2 HTTP/2.0" 200 5369 "https://grafana.test.sa.uebung.de/d/157a07a6-2ef8-4431-aca1-fdc65792d12a/loki?orgId=1&from=now-2d&to=now&timezone=browser&var-Filters=&var-query0=&var-Kube=%22fluent-bit-88pjk%22&var-node=%22fluent-bit-6f2ph%22&editIndex=1" "Mozilla/5.0 (Macintosh; Intel Mac OS X 10.15; rv:144.0) Gecko/20100101 Firefox/144.0" 498 0.594 [grafana-grafana-80] [] 192.168.33.75:3000 5388 0.594 200 0e4355ca1f64b144dfc7738534d56742
192.168.43.192 - - [28/Oct/2025:13:22:02 +0000] "POST /api/ds/query?ds_type=loki&requestId=SQR210_2 HTTP/2.0" 200 1720 "https://grafana.test.sa.uebung.de/d/157a07a6-2ef8-4431-aca1-fdc65792d12a/loki?orgId=1&from=now-2d&to=now&timezone=browser&var-Filters=&var-query0=&var-Kube=%22fluent-bit-88pjk%22&var-node=%22fluent-bit-6f2ph%22&editIndex=1" "Mozilla/5.0 (Macintosh; Intel Mac OS X 10.15; rv:144.0) Gecko/20100101 Firefox/144.0" 510 0.010 [grafana-grafana-80] [] 192.168.33.75:3000 1720 0.010 200 e748404b6afab5b80250da51dd8472fb
192.168.43.192 - - [28/Oct/2025:13:22:02 +0000] "POST /api/ds/query?ds_type=loki&requestId=SQR209_1 HTTP/2.0" 200 1674 "https://grafana.test.sa.uebung.de/d/157a07a6-2ef8-4431-aca1-fdc65792d12a/loki?orgId=1&from=now-2d&to=now&timezone=browser&var-Filters=&var-query0=&var-Kube=%22fluent-bit-88pjk%22&var-node=%22fluent-bit-6f2ph%22&editIndex=1" "Mozilla/5.0 (Macintosh; Intel Mac OS X 10.15; rv:144.0) Gecko/20100101 Firefox/144.0" 432 0.008 [grafana-grafana-80] [] 192.168.33.75:3000 1674 0.009 200 0d0dddad135fc082a28f1ff99fbe2384
192.168.43.192 - - [28/Oct/2025:13:22:02 +0000] "POST /api/ds/query?ds_type=loki&requestId=SQR207_1 HTTP/2.0" 200 1744 "https://grafana.test.sa.uebung.de/d/157a07a6-2ef8-4431-aca1-fdc65792d12a/loki?orgId=1&from=now-2d&to=now&timezone=browser&var-Filters=&var-query0=&var-Kube=%22fluent-bit-88pjk%22&var-node=%22fluent-bit-6f2ph%22&editIndex=1" "Mozilla/5.0 (Macintosh; Intel Mac OS X 10.15; rv:144.0) Gecko/20100101 Firefox/144.0" 502 0.010 [grafana-grafana-80] [] 192.168.33.75:3000 1744 0.009 200 b4129d6b68d22f8ed329849d55785d32
192.168.43.192 - - [28/Oct/2025:13:22:02 +0000] "POST /api/ds/query?ds_type=loki&requestId=SQR206_1 HTTP/2.0" 200 525587 "https://grafana.test.sa.uebung.de/d/157a07a6-2ef8-4431-aca1-fdc65792d12a/loki?orgId=1&from=now-2d&to=now&timezone=browser&var-Filters=&var-query0=&var-Kube=%22fluent-bit-88pjk%22&var-node=%22fluent-bit-6f2ph%22&editIndex=1" "Mozilla/5.0 (Macintosh; Intel Mac OS X 10.15; rv:144.0) Gecko/20100101 Firefox/144.0" 388 0.222 [grafana-grafana-80] [] 192.168.33.75:3000 525608 0.222 200 626b1e8685eb573a57f518e8d02b51dc
192.168.43.192 - - [28/Oct/2025:13:22:02 +0000] "POST /api/ds/query?ds_type=loki&requestId=SQR210_1 HTTP/2.0" 200 5781 "https://grafana.test.sa.uebung.de/d/157a07a6-2ef8-4431-aca1-fdc65792d12a/loki?orgId=1&from=now-2d&to=now&timezone=browser&var-Filters=&var-query0=&var-Kube=%22fluent-bit-88pjk%22&var-node=%22fluent-bit-6f2ph%22&editIndex=1" "Mozilla/5.0 (Macintosh; Intel Mac OS X 10.15; rv:144.0) Gecko/20100101 Firefox/144.0" 474 0.012 [grafana-grafana-80] [] 192.168.33.75:3000 5800 0.012 200 2a8fc6472480c22210fede402060e635
192.168.43.192 - - [28/Oct/2025:13:22:06 +0000] "GET /api/live/ws HTTP/1.1" 401 105 "-" "Mozilla/5.0 (Macintosh; Intel Mac OS X 10_15_7) AppleWebKit/537.36 (KHTML, like Gecko) Chrome/141.0.0.0 Safari/537.36" 748 0.001 [grafana-grafana-80] [] 192.168.33.75:3000 105 0.001 401 a5709c928bf6caa61008a0ebd331d859
172.16.55.42 - - [28/Oct/2025:13:22:07 +0000] "GET / HTTP/2.0" 302 0 "-" "Blackbox Exporter/0.27.0" 48 0.004 [jupyterhub-proxy-public-http] [] 192.168.33.109:8000 0 0.003 302 fd9835ccd91488146da4b7c347be6e67
172.16.55.42 - - [28/Oct/2025:13:22:07 +0000] "GET /hub/ HTTP/2.0" 302 0 "https://172.16.55.150" "Blackbox Exporter/0.27.0" 70 0.001 [jupyterhub-proxy-public-http] [] 192.168.33.109:8000 0 0.002 302 8de996694a5f86334e4506a375b18aaf
172.16.55.42 - - [28/Oct/2025:13:22:07 +0000] "GET /hub/login?next=%2Fhub%2F HTTP/2.0" 302 0 "https://172.16.55.150/hub/" "Blackbox Exporter/0.27.0" 88 0.002 [jupyterhub-proxy-public-http] [] 192.168.33.109:8000 0 0.001 302 787b0eeac7b2575cdaa36bca069deb38
172.16.55.42 - - [28/Oct/2025:13:22:07 +0000] "GET /hub/oauth_login?next=%2Fhub%2F HTTP/2.0" 302 0 "https://172.16.55.150/hub/login?next=%2Fhub%2F" "Blackbox Exporter/0.27.0" 107 0.001 [jupyterhub-proxy-public-http] [] 192.168.33.109:8000 0 0.002 302 75e49bd165d12dc9671ed8501f48afe9
172.16.55.42 - - [28/Oct/2025:13:22:07 +0000] "GET /realms/ki-awz/protocol/openid-connect/auth?response_type=code&redirect_uri=https%3A%2F%2Fjupyterhub.test.sa.uebung.de%2Fhub%2Foauth_callback&client_id=jupyterhub&code_challenge=pYHgRDCMRCkP5hM83qi9ZmU3eeH2Rl6yvLbMhXAjIek&code_challenge_method=S256&state=eyJzdGF0ZV9pZCI6ICIwNTdkYTY3ZWMxZDA0YzdiYmQ2NDUxODZkZWY3ZTBhOCJ9&scope=openid+profile+roles+groups HTTP/2.0" 200 7062 "https://172.16.55.150/hub/oauth_login?next=%2Fhub%2F" "Blackbox Exporter/0.27.0" 358 0.005 [keycloak-keycloak-service-https] [] 192.168.41.186:8443 7062 0.005 200 fb902ffae704ca0a021955d49ee351f3
172.16.55.42 - - [28/Oct/2025:13:22:12 +0000] "GET / HTTP/2.0" 200 7519 "-" "Blackbox Exporter/0.27.0" 44 0.002 [ai-1-lisa-open-webui-8080] [] 192.168.33.127:8080 7519 0.002 200 74a55cbff1ffaf6052b2211e73ca33e1
172.16.55.42 - - [28/Oct/2025:13:22:17 +0000] "GET / HTTP/2.0" 302 0 "-" "Blackbox Exporter/0.27.0" 48 0.003 [jupyterhub-proxy-public-http] [] 192.168.33.109:8000 0 0.004 302 b2d3597625bd816de960b236518392f4
172.16.55.42 - - [28/Oct/2025:13:22:17 +0000] "GET /hub/ HTTP/2.0" 302 0 "https://172.16.55.150" "Blackbox Exporter/0.27.0" 70 0.001 [jupyterhub-proxy-public-http] [] 192.168.33.109:8000 0 0.002 302 8e93b8a463112e6cf4340ecc7eefa186
172.16.55.42 - - [28/Oct/2025:13:22:17 +0000] "GET /hub/login?next=%2Fhub%2F HTTP/2.0" 302 0 "https://172.16.55.150/hub/" "Blackbox Exporter/0.27.0" 88 0.001 [jupyterhub-proxy-public-http] [] 192.168.33.109:8000 0 0.001 302 57cbf6b11c3d073a1373a780d40c9ed9
172.16.55.42 - - [28/Oct/2025:13:22:17 +0000] "GET /hub/oauth_login?next=%2Fhub%2F HTTP/2.0" 302 0 "https://172.16.55.150/hub/login?next=%2Fhub%2F" "Blackbox Exporter/0.27.0" 107 0.003 [jupyterhub-proxy-public-http] [] 192.168.33.109:8000 0 0.002 302 b84d8819dce5d896f980027c03e3faf2
172.16.55.42 - - [28/Oct/2025:13:22:17 +0000] "GET /realms/ki-awz/protocol/openid-connect/auth?response_type=code&redirect_uri=https%3A%2F%2Fjupyterhub.test.sa.uebung.de%2Fhub%2Foauth_callback&client_id=jupyterhub&code_challenge=SgRl11qma-jzqjQ8CxMKEru7qcAc39-zQtsfaFI5gkk&code_challenge_method=S256&state=eyJzdGF0ZV9pZCI6ICJkN2ZkM2E0MTJmZDM0YWNlOGQ3ZDJjOWZjNTlmZTE1ZCJ9&scope=openid+profile+roles+groups HTTP/2.0" 200 7062 "https://172.16.55.150/hub/oauth_login?next=%2Fhub%2F" "Blackbox Exporter/0.27.0" 357 0.004 [keycloak-keycloak-service-https] [] 192.168.41.186:8443 7062 0.005 200 60f1489b8d001ba5b12658f6fd9ed0d9
172.16.55.42 - - [28/Oct/2025:13:22:22 +0000] "GET / HTTP/2.0" 200 7519 "-" "Blackbox Exporter/0.27.0" 44 0.002 [ai-1-lisa-open-webui-8080] [] 192.168.33.127:8080 7519 0.002 200 d638ae947f5731791f48de9f89b2943d
192.168.43.192 - - [28/Oct/2025:13:22:27 +0000] "GET /api/live/ws HTTP/1.1" 401 105 "-" "Mozilla/5.0 (Macintosh; Intel Mac OS X 10_15_7) AppleWebKit/537.36 (KHTML, like Gecko) Chrome/141.0.0.0 Safari/537.36" 748 0.001 [grafana-grafana-80] [] 192.168.33.75:3000 105 0.001 401 60f037eb265c5b9efba402e8e85924ea
172.16.55.42 - - [28/Oct/2025:13:22:27 +0000] "GET / HTTP/2.0" 302 0 "-" "Blackbox Exporter/0.27.0" 48 0.004 [jupyterhub-proxy-public-http] [] 192.168.33.109:8000 0 0.004 302 03c35c5a3461ce2e70629d256dad0a7f
172.16.55.42 - - [28/Oct/2025:13:22:27 +0000] "GET /hub/ HTTP/2.0" 302 0 "https://172.16.55.150" "Blackbox Exporter/0.27.0" 70 0.001 [jupyterhub-proxy-public-http] [] 192.168.33.109:8000 0 0.001 302 309d4ab2ed06659a8ac2015658c9e4de
172.16.55.42 - - [28/Oct/2025:13:22:27 +0000] "GET /hub/login?next=%2Fhub%2F HTTP/2.0" 302 0 "https://172.16.55.150/hub/" "Blackbox Exporter/0.27.0" 88 0.005 [jupyterhub-proxy-public-http] [] 192.168.33.109:8000 0 0.004 302 a7bd190b09ca6cea8544a6e4c8d168ea
172.16.55.42 - - [28/Oct/2025:13:22:27 +0000] "GET /hub/oauth_login?next=%2Fhub%2F HTTP/2.0" 302 0 "https://172.16.55.150/hub/login?next=%2Fhub%2F" "Blackbox Exporter/0.27.0" 107 0.002 [jupyterhub-proxy-public-http] [] 192.168.33.109:8000 0 0.001 302 fe7d2292a4818ea47b900416587f41ce
172.16.55.42 - - [28/Oct/2025:13:22:27 +0000] "GET /realms/ki-awz/protocol/openid-connect/auth?response_type=code&redirect_uri=https%3A%2F%2Fjupyterhub.test.sa.uebung.de%2Fhub%2Foauth_callback&client_id=jupyterhub&code_challenge=4eNtEYjxk5pr2Ah1ler7_HYantFtzHG75gQ4oxLoyhI&code_challenge_method=S256&state=eyJzdGF0ZV9pZCI6ICIxOWYxYjFhYTBhYzA0YWUwODU4MzYwYjFiZTE0ZmE3OCJ9&scope=openid+profile+roles+groups HTTP/2.0" 200 7062 "https://172.16.55.150/hub/oauth_login?next=%2Fhub%2F" "Blackbox Exporter/0.27.0" 356 0.004 [keycloak-keycloak-service-https] [] 192.168.41.186:8443 7062 0.004 200 42bf8d52c750a817859222357cc263fd
172.16.55.42 - - [28/Oct/2025:13:22:32 +0000] "GET / HTTP/2.0" 200 7519 "-" "Blackbox Exporter/0.27.0" 44 0.002 [ai-1-lisa-open-webui-8080] [] 192.168.33.127:8080 7519 0.002 200 28a69464365baa41415ca3c3e7164773
192.168.43.192 - - [28/Oct/2025:13:22:37 +0000] "GET /api/live/ws HTTP/1.1" 401 105 "-" "Mozilla/5.0 (Macintosh; Intel Mac OS X 10_15_7) AppleWebKit/537.36 (KHTML, like Gecko) Chrome/141.0.0.0 Safari/537.36" 748 0.001 [grafana-grafana-80] [] 192.168.33.75:3000 105 0.001 401 c515d5a79b7b3fc06777cb8298bfed27
172.16.55.42 - - [28/Oct/2025:13:22:37 +0000] "GET / HTTP/2.0" 302 0 "-" "Blackbox Exporter/0.27.0" 48 0.003 [jupyterhub-proxy-public-http] [] 192.168.33.109:8000 0 0.004 302 7e86cbbcaa219842527eb0c25ff21509
172.16.55.42 - - [28/Oct/2025:13:22:37 +0000] "GET /hub/ HTTP/2.0" 302 0 "https://172.16.55.150" "Blackbox Exporter/0.27.0" 70 0.001 [jupyterhub-proxy-public-http] [] 192.168.33.109:8000 0 0.002 302 f66c48117c59ebbddb16a17c624ca097
172.16.55.42 - - [28/Oct/2025:13:22:37 +0000] "GET /hub/login?next=%2Fhub%2F HTTP/2.0" 302 0 "https://172.16.55.150/hub/" "Blackbox Exporter/0.27.0" 88 0.002 [jupyterhub-proxy-public-http] [] 192.168.33.109:8000 0 0.001 302 39673a284dd4af80e550a90b184e5c2d
172.16.55.42 - - [28/Oct/2025:13:22:37 +0000] "GET /hub/oauth_login?next=%2Fhub%2F HTTP/2.0" 302 0 "https://172.16.55.150/hub/login?next=%2Fhub%2F" "Blackbox Exporter/0.27.0" 107 0.001 [jupyterhub-proxy-public-http] [] 192.168.33.109:8000 0 0.002 302 e7fe6020bb5d63b2641b5f1b2025319f
172.16.55.42 - - [28/Oct/2025:13:22:37 +0000] "GET /realms/ki-awz/protocol/openid-connect/auth?response_type=code&redirect_uri=https%3A%2F%2Fjupyterhub.test.sa.uebung.de%2Fhub%2Foauth_callback&client_id=jupyterhub&code_challenge=tYwwmZ2FesupI2vS9CDhPSrAlsKrdH22z51qJt-rCd8&code_challenge_method=S256&state=eyJzdGF0ZV9pZCI6ICJhZDQ5MGQwNDVhYmM0ODk0YjVkY2QyNzkwMDdjZjM2MiJ9&scope=openid+profile+roles+groups HTTP/2.0" 200 7062 "https://172.16.55.150/hub/oauth_login?next=%2Fhub%2F" "Blackbox Exporter/0.27.0" 356 0.005 [keycloak-keycloak-service-https] [] 192.168.41.186:8443 7062 0.004 200 ec3d663731cf4a14f74f2713e22877a0
172.16.55.42 - - [28/Oct/2025:13:22:42 +0000] "GET / HTTP/2.0" 200 7519 "-" "Blackbox Exporter/0.27.0" 44 0.002 [ai-1-lisa-open-webui-8080] [] 192.168.33.127:8080 7519 0.002 200 bb11315fbf6de8548d8666679c9df7d2
172.16.55.42 - - [28/Oct/2025:13:22:47 +0000] "GET / HTTP/2.0" 302 0 "-" "Blackbox Exporter/0.27.0" 48 0.004 [jupyterhub-proxy-public-http] [] 192.168.33.109:8000 0 0.004 302 e5a0fee6fe57030dcff1dc808259de67
172.16.55.42 - - [28/Oct/2025:13:22:47 +0000] "GET /hub/ HTTP/2.0" 302 0 "https://172.16.55.150" "Blackbox Exporter/0.27.0" 70 0.002 [jupyterhub-proxy-public-http] [] 192.168.33.109:8000 0 0.002 302 65fe44f316fef8379d394564d3be02f5
172.16.55.42 - - [28/Oct/2025:13:22:47 +0000] "GET /hub/login?next=%2Fhub%2F HTTP/2.0" 302 0 "https://172.16.55.150/hub/" "Blackbox Exporter/0.27.0" 88 0.001 [jupyterhub-proxy-public-http] [] 192.168.33.109:8000 0 0.002 302 a3347811dc24ab5d1665f22383d0dd9f
172.16.55.42 - - [28/Oct/2025:13:22:47 +0000] "GET /hub/oauth_login?next=%2Fhub%2F HTTP/2.0" 302 0 "https://172.16.55.150/hub/login?next=%2Fhub%2F" "Blackbox Exporter/0.27.0" 107 0.002 [jupyterhub-proxy-public-http] [] 192.168.33.109:8000 0 0.001 302 07a93466bf4f2f256c6a7890605fd578
172.16.55.42 - - [28/Oct/2025:13:22:47 +0000] "GET /realms/ki-awz/protocol/openid-connect/auth?response_type=code&redirect_uri=https%3A%2F%2Fjupyterhub.test.sa.uebung.de%2Fhub%2Foauth_callback&client_id=jupyterhub&code_challenge=GB-wbUQmyy2ywmdWTO4JvPSkkum_tM3f62rj5WcP6a4&code_challenge_method=S256&state=eyJzdGF0ZV9pZCI6ICJjNmY2MmExZmQ4ODc0N2Q3OWMyNjJmMDYwOTNmZDA4MCJ9&scope=openid+profile+roles+groups HTTP/2.0" 200 7062 "https://172.16.55.150/hub/oauth_login?next=%2Fhub%2F" "Blackbox Exporter/0.27.0" 356 0.005 [keycloak-keycloak-service-https] [] 192.168.41.186:8443 7062 0.005 200 cc22c645a5c9c2bfcf2ca350ee7083b9
172.16.55.42 - - [28/Oct/2025:13:22:52 +0000] "GET / HTTP/2.0" 200 7519 "-" "Blackbox Exporter/0.27.0" 44 0.002 [ai-1-lisa-open-webui-8080] [] 192.168.33.127:8080 7519 0.002 200 002981094f40f5ba32772c0731fcc075
192.168.43.192 - - [28/Oct/2025:13:22:56 +0000] "GET /api/live/ws HTTP/1.1" 401 105 "-" "Mozilla/5.0 (Macintosh; Intel Mac OS X 10_15_7) AppleWebKit/537.36 (KHTML, like Gecko) Chrome/141.0.0.0 Safari/537.36" 748 0.001 [grafana-grafana-80] [] 192.168.33.75:3000 105 0.001 401 1a210db7e7f16ca1596fbf697444951b
172.16.55.42 - - [28/Oct/2025:13:22:57 +0000] "GET / HTTP/2.0" 302 0 "-" "Blackbox Exporter/0.27.0" 48 0.003 [jupyterhub-proxy-public-http] [] 192.168.33.109:8000 0 0.003 302 70538d52949c1729fdd4eec3589017ef
172.16.55.42 - - [28/Oct/2025:13:22:57 +0000] "GET /hub/ HTTP/2.0" 302 0 "https://172.16.55.150" "Blackbox Exporter/0.27.0" 70 0.001 [jupyterhub-proxy-public-http] [] 192.168.33.109:8000 0 0.001 302 8fac0ca732fc755251b7b625e45ef954
172.16.55.42 - - [28/Oct/2025:13:22:57 +0000] "GET /hub/login?next=%2Fhub%2F HTTP/2.0" 302 0 "https://172.16.55.150/hub/" "Blackbox Exporter/0.27.0" 88 0.001 [jupyterhub-proxy-public-http] [] 192.168.33.109:8000 0 0.001 302 70fb06d3da858013a33e51cdaed250f5
172.16.55.42 - - [28/Oct/2025:13:22:57 +0000] "GET /hub/oauth_login?next=%2Fhub%2F HTTP/2.0" 302 0 "https://172.16.55.150/hub/login?next=%2Fhub%2F" "Blackbox Exporter/0.27.0" 107 0.002 [jupyterhub-proxy-public-http] [] 192.168.33.109:8000 0 0.001 302 fa2205ab8bbd0fb5db8787fb14be78fd
172.16.55.42 - - [28/Oct/2025:13:22:57 +0000] "GET /realms/ki-awz/protocol/openid-connect/auth?response_type=code&redirect_uri=https%3A%2F%2Fjupyterhub.test.sa.uebung.de%2Fhub%2Foauth_callback&client_id=jupyterhub&code_challenge=yQwu821FeL83lGoiIvyywTfHkt-Lrd7VRuXZ3CnUkOE&code_challenge_method=S256&state=eyJzdGF0ZV9pZCI6ICJlOGNlN2E0NjZjNmE0ZWFmYWVmOGZlMThmZjE4ZmFkOCJ9&scope=openid+profile+roles+groups HTTP/2.0" 200 7062 "https://172.16.55.150/hub/oauth_login?next=%2Fhub%2F" "Blackbox Exporter/0.27.0" 357 0.005 [keycloak-keycloak-service-https] [] 192.168.41.186:8443 7062 0.004 200 404d282a083577a9f6c9a254de1098e7
172.16.55.42 - - [28/Oct/2025:13:23:02 +0000] "GET / HTTP/2.0" 200 7519 "-" "Blackbox Exporter/0.27.0" 44 0.002 [ai-1-lisa-open-webui-8080] [] 192.168.33.127:8080 7519 0.002 200 dfca954ca288650bb2d34af474ce9e99
192.168.43.192 - - [28/Oct/2025:13:23:02 +0000] "GET /api/live/ws HTTP/1.1" 401 105 "-" "Mozilla/5.0 (Macintosh; Intel Mac OS X 10_15_7) AppleWebKit/537.36 (KHTML, like Gecko) Chrome/141.0.0.0 Safari/537.36" 748 0.001 [grafana-grafana-80] [] 192.168.33.75:3000 105 0.001 401 bccd325446a95a87d362cfd50f7c0a87
172.16.55.42 - - [28/Oct/2025:13:23:07 +0000] "GET / HTTP/2.0" 302 0 "-" "Blackbox Exporter/0.27.0" 48 0.004 [jupyterhub-proxy-public-http] [] 192.168.33.109:8000 0 0.004 302 fa53216c1437169d88a8ce387079b918
172.16.55.42 - - [28/Oct/2025:13:23:07 +0000] "GET /hub/ HTTP/2.0" 302 0 "https://172.16.55.150" "Blackbox Exporter/0.27.0" 70 0.001 [jupyterhub-proxy-public-http] [] 192.168.33.109:8000 0 0.001 302 14272d0335e1ee583e2cde0a165ee626
172.16.55.42 - - [28/Oct/2025:13:23:07 +0000] "GET /hub/login?next=%2Fhub%2F HTTP/2.0" 302 0 "https://172.16.55.150/hub/" "Blackbox Exporter/0.27.0" 88 0.002 [jupyterhub-proxy-public-http] [] 192.168.33.109:8000 0 0.003 302 d7638f85eae04f50f1df69eba850efdb
172.16.55.42 - - [28/Oct/2025:13:23:07 +0000] "GET /hub/oauth_login?next=%2Fhub%2F HTTP/2.0" 302 0 "https://172.16.55.150/hub/login?next=%2Fhub%2F" "Blackbox Exporter/0.27.0" 107 0.002 [jupyterhub-proxy-public-http] [] 192.168.33.109:8000 0 0.002 302 405beaa2504d6aa0bd77ace26b9b0ddd
172.16.55.42 - - [28/Oct/2025:13:23:07 +0000] "GET /realms/ki-awz/protocol/openid-connect/auth?response_type=code&redirect_uri=https%3A%2F%2Fjupyterhub.test.sa.uebung.de%2Fhub%2Foauth_callback&client_id=jupyterhub&code_challenge=18wtC0vAD3H1YKNs7jeFkCjba9WNTkDXYufn_lnhzaw&code_challenge_method=S256&state=eyJzdGF0ZV9pZCI6ICIxYjQ3YTI0OTgyYWU0ZDIzOTg4NWJkNmI0NGY3MDEzZiJ9&scope=openid+profile+roles+groups HTTP/2.0" 200 7062 "https://172.16.55.150/hub/oauth_login?next=%2Fhub%2F" "Blackbox Exporter/0.27.0" 357 0.005 [keycloak-keycloak-service-https] [] 192.168.41.186:8443 7062 0.004 200 eee93e448d5590216743d8bcbd6a3876
172.16.55.42 - - [28/Oct/2025:13:23:12 +0000] "GET / HTTP/2.0" 200 7519 "-" "Blackbox Exporter/0.27.0" 44 0.002 [ai-1-lisa-open-webui-8080] [] 192.168.33.127:8080 7519 0.002 200 427579c4365ad88a832ee0903f2b1fe6
192.168.43.192 - - [28/Oct/2025:13:23:13 +0000] "GET /api/live/ws HTTP/1.1" 401 105 "-" "Mozilla/5.0 (Macintosh; Intel Mac OS X 10_15_7) AppleWebKit/537.36 (KHTML, like Gecko) Chrome/141.0.0.0 Safari/537.36" 748 0.001 [grafana-grafana-80] [] 192.168.33.75:3000 105 0.001 401 d1bde111107f2d1b4b310f2324e539fb
172.16.55.42 - - [28/Oct/2025:13:23:17 +0000] "GET / HTTP/2.0" 302 0 "-" "Blackbox Exporter/0.27.0" 48 0.004 [jupyterhub-proxy-public-http] [] 192.168.33.109:8000 0 0.004 302 1124ac8a7f8f7c08f31ae3fdeb9308eb
172.16.55.42 - - [28/Oct/2025:13:23:17 +0000] "GET /hub/ HTTP/2.0" 302 0 "https://172.16.55.150" "Blackbox Exporter/0.27.0" 70 0.002 [jupyterhub-proxy-public-http] [] 192.168.33.109:8000 0 0.001 302 247e690e274a9c82437a20adda4ddbd6
172.16.55.42 - - [28/Oct/2025:13:23:17 +0000] "GET /hub/login?next=%2Fhub%2F HTTP/2.0" 302 0 "https://172.16.55.150/hub/" "Blackbox Exporter/0.27.0" 88 0.002 [jupyterhub-proxy-public-http] [] 192.168.33.109:8000 0 0.001 302 e7702765be50784340fb7fa04bf7fc01
172.16.55.42 - - [28/Oct/2025:13:23:17 +0000] "GET /hub/oauth_login?next=%2Fhub%2F HTTP/2.0" 302 0 "https://172.16.55.150/hub/login?next=%2Fhub%2F" "Blackbox Exporter/0.27.0" 107 0.002 [jupyterhub-proxy-public-http] [] 192.168.33.109:8000 0 0.002 302 7ac093053a3dbc965eeac623e9957bd0
172.16.55.42 - - [28/Oct/2025:13:23:17 +0000] "GET /realms/ki-awz/protocol/openid-connect/auth?response_type=code&redirect_uri=https%3A%2F%2Fjupyterhub.test.sa.uebung.de%2Fhub%2Foauth_callback&client_id=jupyterhub&code_challenge=rPCkVbFHL-hHkXFK6Mh4XVAue-1mPIAl39Y8YvQu35w&code_challenge_method=S256&state=eyJzdGF0ZV9pZCI6ICJlZTNmODVmMGQzNDA0MTA2YjJmODJjMmU4NmNmOTk5YSJ9&scope=openid+profile+roles+groups HTTP/2.0" 200 7062 "https://172.16.55.150/hub/oauth_login?next=%2Fhub%2F" "Blackbox Exporter/0.27.0" 357 0.002 [keycloak-keycloak-service-https] [] 192.168.41.186:8443 7062 0.003 200 758add3d84de7cb8f41941ee01c64f4b
172.16.55.42 - - [28/Oct/2025:13:23:22 +0000] "GET / HTTP/2.0" 200 7519 "-" "Blackbox Exporter/0.27.0" 44 0.002 [ai-1-lisa-open-webui-8080] [] 192.168.33.127:8080 7519 0.003 200 83bb422ad4112c841d29031c92aa71cf
172.16.55.42 - - [28/Oct/2025:13:23:27 +0000] "GET / HTTP/2.0" 302 0 "-" "Blackbox Exporter/0.27.0" 48 0.004 [jupyterhub-proxy-public-http] [] 192.168.33.109:8000 0 0.005 302 0d5e23ba2b751bcdd4444a960542db53
172.16.55.42 - - [28/Oct/2025:13:23:27 +0000] "GET /hub/ HTTP/2.0" 302 0 "https://172.16.55.150" "Blackbox Exporter/0.27.0" 70 0.001 [jupyterhub-proxy-public-http] [] 192.168.33.109:8000 0 0.002 302 5ac75aeecb3e3848a35c7e4ad648f295
172.16.55.42 - - [28/Oct/2025:13:23:27 +0000] "GET /hub/login?next=%2Fhub%2F HTTP/2.0" 302 0 "https://172.16.55.150/hub/" "Blackbox Exporter/0.27.0" 88 0.001 [jupyterhub-proxy-public-http] [] 192.168.33.109:8000 0 0.001 302 eedb12b9723d2530a5c0dac258b819b9
172.16.55.42 - - [28/Oct/2025:13:23:27 +0000] "GET /hub/oauth_login?next=%2Fhub%2F HTTP/2.0" 302 0 "https://172.16.55.150/hub/login?next=%2Fhub%2F" "Blackbox Exporter/0.27.0" 107 0.002 [jupyterhub-proxy-public-http] [] 192.168.33.109:8000 0 0.002 302 30d29cbd87b486172d0fa83bac34e2b8
172.16.55.42 - - [28/Oct/2025:13:23:27 +0000] "GET /realms/ki-awz/protocol/openid-connect/auth?response_type=code&redirect_uri=https%3A%2F%2Fjupyterhub.test.sa.uebung.de%2Fhub%2Foauth_callback&client_id=jupyterhub&code_challenge=Cg2tjQ0s8eDrefRh9fVeo2MD7ryCjO83IhvFkE3O_1Y&code_challenge_method=S256&state=eyJzdGF0ZV9pZCI6ICI5N2VhZDg3ZTA4Y2M0MjIzYjBkOTRiYmExNWMxMjBmMSJ9&scope=openid+profile+roles+groups HTTP/2.0" 200 7062 "https://172.16.55.150/hub/oauth_login?next=%2Fhub%2F" "Blackbox Exporter/0.27.0" 356 0.005 [keycloak-keycloak-service-https] [] 192.168.41.186:8443 7062 0.004 200 d66aea076d0712bbe6c07cb1571b3eb9
192.168.43.192 - - [28/Oct/2025:13:23:29 +0000] "GET /api/live/ws HTTP/1.1" 401 105 "-" "Mozilla/5.0 (Macintosh; Intel Mac OS X 10_15_7) AppleWebKit/537.36 (KHTML, like Gecko) Chrome/141.0.0.0 Safari/537.36" 748 0.001 [grafana-grafana-80] [] 192.168.33.75:3000 105 0.001 401 cd9ea506e54a30562e5a0e76620088ed
172.16.55.42 - - [28/Oct/2025:13:23:32 +0000] "GET / HTTP/2.0" 200 7519 "-" "Blackbox Exporter/0.27.0" 44 0.002 [ai-1-lisa-open-webui-8080] [] 192.168.33.127:8080 7519 0.003 200 1462440bb6e1577c7ebeb4a2bdeb01dc
192.168.43.192 - - [28/Oct/2025:13:23:36 +0000] "GET /api/live/ws HTTP/1.1" 401 105 "-" "Mozilla/5.0 (Macintosh; Intel Mac OS X 10_15_7) AppleWebKit/537.36 (KHTML, like Gecko) Chrome/141.0.0.0 Safari/537.36" 748 0.001 [grafana-grafana-80] [] 192.168.33.75:3000 105 0.001 401 61e65df607dd3a6662545103b2394f64
172.16.55.42 - - [28/Oct/2025:13:23:37 +0000] "GET / HTTP/2.0" 302 0 "-" "Blackbox Exporter/0.27.0" 48 0.005 [jupyterhub-proxy-public-http] [] 192.168.33.109:8000 0 0.004 302 f270c7313b6365222647615047218c54
172.16.55.42 - - [28/Oct/2025:13:23:37 +0000] "GET /hub/ HTTP/2.0" 302 0 "https://172.16.55.150" "Blackbox Exporter/0.27.0" 70 0.001 [jupyterhub-proxy-public-http] [] 192.168.33.109:8000 0 0.002 302 075e6c57e09433a3c770451d19aed20b
172.16.55.42 - - [28/Oct/2025:13:23:37 +0000] "GET /hub/login?next=%2Fhub%2F HTTP/2.0" 302 0 "https://172.16.55.150/hub/" "Blackbox Exporter/0.27.0" 88 0.001 [jupyterhub-proxy-public-http] [] 192.168.33.109:8000 0 0.001 302 b48f3a7e1b658073fa889230fad4a2e5
172.16.55.42 - - [28/Oct/2025:13:23:37 +0000] "GET /hub/oauth_login?next=%2Fhub%2F HTTP/2.0" 302 0 "https://172.16.55.150/hub/login?next=%2Fhub%2F" "Blackbox Exporter/0.27.0" 107 0.002 [jupyterhub-proxy-public-http] [] 192.168.33.109:8000 0 0.002 302 3842df39166d56f0e99a022d9fd2a11f
172.16.55.42 - - [28/Oct/2025:13:23:37 +0000] "GET /realms/ki-awz/protocol/openid-connect/auth?response_type=code&redirect_uri=https%3A%2F%2Fjupyterhub.test.sa.uebung.de%2Fhub%2Foauth_callback&client_id=jupyterhub&code_challenge=ziCU7OD6taqjiAjdI49l-uLXqkRTStMeDuBK0xJJoCM&code_challenge_method=S256&state=eyJzdGF0ZV9pZCI6ICJlZDBjYWM4ZTExMGU0OTI5ODkwZDI2OWRmYjg5MWZjZCJ9&scope=openid+profile+roles+groups HTTP/2.0" 200 7062 "https://172.16.55.150/hub/oauth_login?next=%2Fhub%2F" "Blackbox Exporter/0.27.0" 358 0.004 [keycloak-keycloak-service-https] [] 192.168.41.186:8443 7062 0.005 200 9487c247a9a6f68df196224cf89e4f9d
172.16.55.42 - - [28/Oct/2025:13:23:42 +0000] "GET / HTTP/2.0" 200 7519 "-" "Blackbox Exporter/0.27.0" 44 0.003 [ai-1-lisa-open-webui-8080] [] 192.168.33.127:8080 7519 0.002 200 df300152c7e08db16b1899589b522c6b
172.16.55.42 - - [28/Oct/2025:13:23:47 +0000] "GET / HTTP/2.0" 302 0 "-" "Blackbox Exporter/0.27.0" 48 0.003 [jupyterhub-proxy-public-http] [] 192.168.33.109:8000 0 0.004 302 76165ea59837bc6e507e15ebd4741f09
172.16.55.42 - - [28/Oct/2025:13:23:47 +0000] "GET /hub/ HTTP/2.0" 302 0 "https://172.16.55.150" "Blackbox Exporter/0.27.0" 70 0.001 [jupyterhub-proxy-public-http] [] 192.168.33.109:8000 0 0.002 302 eed12f244a345df43fe2e28d83a9714b
172.16.55.42 - - [28/Oct/2025:13:23:47 +0000] "GET /hub/login?next=%2Fhub%2F HTTP/2.0" 302 0 "https://172.16.55.150/hub/" "Blackbox Exporter/0.27.0" 88 0.001 [jupyterhub-proxy-public-http] [] 192.168.33.109:8000 0 0.001 302 c9c70ec4d22f1cb925b7756835dfe749
172.16.55.42 - - [28/Oct/2025:13:23:47 +0000] "GET /hub/oauth_login?next=%2Fhub%2F HTTP/2.0" 302 0 "https://172.16.55.150/hub/login?next=%2Fhub%2F" "Blackbox Exporter/0.27.0" 107 0.002 [jupyterhub-proxy-public-http] [] 192.168.33.109:8000 0 0.002 302 baa70d02d2d86937e06b1f89ef957952
172.16.55.42 - - [28/Oct/2025:13:23:47 +0000] "GET /realms/ki-awz/protocol/openid-connect/auth?response_type=code&redirect_uri=https%3A%2F%2Fjupyterhub.test.sa.uebung.de%2Fhub%2Foauth_callback&client_id=jupyterhub&code_challenge=hmVICfV1ued8BOnuESQW430TPXmwcHqx1Ilc_lV-7hU&code_challenge_method=S256&state=eyJzdGF0ZV9pZCI6ICJjYTRlMTIzODVhYzM0Njc2ODMyY2JlNDc0ZmRlODJmMyJ9&scope=openid+profile+roles+groups HTTP/2.0" 200 7062 "https://172.16.55.150/hub/oauth_login?next=%2Fhub%2F" "Blackbox Exporter/0.27.0" 356 0.005 [keycloak-keycloak-service-https] [] 192.168.41.186:8443 7062 0.006 200 014ceaa97a568d34d384c2660c138e68
172.16.55.42 - - [28/Oct/2025:13:23:52 +0000] "GET / HTTP/2.0" 200 7519 "-" "Blackbox Exporter/0.27.0" 44 0.002 [ai-1-lisa-open-webui-8080] [] 192.168.33.127:8080 7519 0.002 200 83e6ea4c0c327947e3d6d170919017da
192.168.43.192 - - [28/Oct/2025:13:23:52 +0000] "GET /api/live/ws HTTP/1.1" 401 105 "-" "Mozilla/5.0 (Macintosh; Intel Mac OS X 10_15_7) AppleWebKit/537.36 (KHTML, like Gecko) Chrome/141.0.0.0 Safari/537.36" 748 0.001 [grafana-grafana-80] [] 192.168.33.75:3000 105 0.000 401 94443c2fd0c7fe1b899f39d4e84e3645
172.16.55.42 - - [28/Oct/2025:13:23:57 +0000] "GET / HTTP/2.0" 302 0 "-" "Blackbox Exporter/0.27.0" 48 0.003 [jupyterhub-proxy-public-http] [] 192.168.33.109:8000 0 0.003 302 14f5d5b800eab447b06e2f82043cfa49
172.16.55.42 - - [28/Oct/2025:13:23:57 +0000] "GET /hub/ HTTP/2.0" 302 0 "https://172.16.55.150" "Blackbox Exporter/0.27.0" 70 0.002 [jupyterhub-proxy-public-http] [] 192.168.33.109:8000 0 0.001 302 47eff480941d71fccd2b4f32fe39e4d2
172.16.55.42 - - [28/Oct/2025:13:23:57 +0000] "GET /hub/login?next=%2Fhub%2F HTTP/2.0" 302 0 "https://172.16.55.150/hub/" "Blackbox Exporter/0.27.0" 88 0.001 [jupyterhub-proxy-public-http] [] 192.168.33.109:8000 0 0.002 302 3ee99c1410e9578a4686c33be78042fd
172.16.55.42 - - [28/Oct/2025:13:23:57 +0000] "GET /hub/oauth_login?next=%2Fhub%2F HTTP/2.0" 302 0 "https://172.16.55.150/hub/login?next=%2Fhub%2F" "Blackbox Exporter/0.27.0" 107 0.002 [jupyterhub-proxy-public-http] [] 192.168.33.109:8000 0 0.002 302 568703303f7717e3bb54fbf364e34693
172.16.55.42 - - [28/Oct/2025:13:23:57 +0000] "GET /realms/ki-awz/protocol/openid-connect/auth?response_type=code&redirect_uri=https%3A%2F%2Fjupyterhub.test.sa.uebung.de%2Fhub%2Foauth_callback&client_id=jupyterhub&code_challenge=VqtO4CmbT-leHqvMj4ng2MsdyQtF1nxtAn4mEpoKeMw&code_challenge_method=S256&state=eyJzdGF0ZV9pZCI6ICI3YmMwMDQ5YjI4OGM0Mjk2YTdhMjE4NTc2MGEyZTIxNiJ9&scope=openid+profile+roles+groups HTTP/2.0" 200 7062 "https://172.16.55.150/hub/oauth_login?next=%2Fhub%2F" "Blackbox Exporter/0.27.0" 355 0.004 [keycloak-keycloak-service-https] [] 192.168.41.186:8443 7062 0.005 200 5bb1c325b55bf77617e84e557a69b91d
172.16.55.42 - - [28/Oct/2025:13:24:02 +0000] "GET / HTTP/2.0" 200 7519 "-" "Blackbox Exporter/0.27.0" 44 0.002 [ai-1-lisa-open-webui-8080] [] 192.168.33.127:8080 7519 0.003 200 a3fc7b5109ba96df4bd82c0d0d9dd598
192.168.43.192 - - [28/Oct/2025:13:24:02 +0000] "GET /api/live/ws HTTP/1.1" 401 105 "-" "Mozilla/5.0 (Macintosh; Intel Mac OS X 10_15_7) AppleWebKit/537.36 (KHTML, like Gecko) Chrome/141.0.0.0 Safari/537.36" 748 0.001 [grafana-grafana-80] [] 192.168.33.75:3000 105 0.001 401 4c1d333f6b42679a592fc3dff015f841
172.16.55.42 - - [28/Oct/2025:13:24:07 +0000] "GET / HTTP/2.0" 302 0 "-" "Blackbox Exporter/0.27.0" 48 0.002 [jupyterhub-proxy-public-http] [] 192.168.33.109:8000 0 0.002 302 175c4d213bd17e5ed9ebb5b2081f9f2c
172.16.55.42 - - [28/Oct/2025:13:24:07 +0000] "GET /hub/ HTTP/2.0" 302 0 "https://172.16.55.150" "Blackbox Exporter/0.27.0" 70 0.002 [jupyterhub-proxy-public-http] [] 192.168.33.109:8000 0 0.002 302 4ba9872f24cd05d049f60f13e1709363
